Archive member included because of file (symbol)

/Users/tattaka/gcc-arm-none-eabi-4_8-2013q4/bin/../lib/gcc/arm-none-eabi/4.8.3/../../../../arm-none-eabi/lib/armv7e-m/fpu/libc_s.a(lib_a-exit.o)
                              /Users/tattaka/gcc-arm-none-eabi-4_8-2013q4/bin/../lib/gcc/arm-none-eabi/4.8.3/../../../../arm-none-eabi/lib/armv7e-m/fpu/crt0.o (exit)
/Users/tattaka/gcc-arm-none-eabi-4_8-2013q4/bin/../lib/gcc/arm-none-eabi/4.8.3/../../../../arm-none-eabi/lib/armv7e-m/fpu/libc_s.a(lib_a-impure.o)
                              /Users/tattaka/gcc-arm-none-eabi-4_8-2013q4/bin/../lib/gcc/arm-none-eabi/4.8.3/../../../../arm-none-eabi/lib/armv7e-m/fpu/libc_s.a(lib_a-exit.o) (_global_impure_ptr)
/Users/tattaka/gcc-arm-none-eabi-4_8-2013q4/bin/../lib/gcc/arm-none-eabi/4.8.3/../../../../arm-none-eabi/lib/armv7e-m/fpu/libc_s.a(lib_a-init.o)
                              /Users/tattaka/gcc-arm-none-eabi-4_8-2013q4/bin/../lib/gcc/arm-none-eabi/4.8.3/../../../../arm-none-eabi/lib/armv7e-m/fpu/crt0.o (__libc_init_array)
/Users/tattaka/gcc-arm-none-eabi-4_8-2013q4/bin/../lib/gcc/arm-none-eabi/4.8.3/../../../../arm-none-eabi/lib/armv7e-m/fpu/libc_s.a(lib_a-memset.o)
                              /Users/tattaka/gcc-arm-none-eabi-4_8-2013q4/bin/../lib/gcc/arm-none-eabi/4.8.3/../../../../arm-none-eabi/lib/armv7e-m/fpu/crt0.o (memset)
/Users/tattaka/gcc-arm-none-eabi-4_8-2013q4/bin/../lib/gcc/arm-none-eabi/4.8.3/../../../../arm-none-eabi/lib/armv7e-m/fpu/libnosys.a(_exit.o)
                              /Users/tattaka/gcc-arm-none-eabi-4_8-2013q4/bin/../lib/gcc/arm-none-eabi/4.8.3/../../../../arm-none-eabi/lib/armv7e-m/fpu/libc_s.a(lib_a-exit.o) (_exit)

Allocating common symbols
Common symbol       size              file

outOfMemHook_kZNaA7u1MfSW5ZeoGvw8xg
                    0x4               build/stdlib_system.o
cmdCount            0x4               build/main.o
globalRaiseHook_JbO1ti4ULxrw54m4zNPbpA
                    0x4               build/stdlib_system.o
localRaiseHook_EIvMhANBvB9cp2Ezvt29cADg
                    0x4               build/stdlib_system.o
uwTick              0x4               build/stm32f4xx_hal.o
pFlash              0x20              build/stm32f4xx_hal_flash.o
gEnv                0x4               build/main.o
nimvm_IAxmsqnME4Jmed24hOgrFQ
                    0x1               build/stdlib_system.o
nim_program_result  0x4               build/stdlib_system.o
cmdLine             0x4               build/main.o

Discarded input sections

 .text          0x0000000000000000        0x0 /Users/tattaka/gcc-arm-none-eabi-4_8-2013q4/bin/../lib/gcc/arm-none-eabi/4.8.3/armv7e-m/fpu/crti.o
 .data          0x0000000000000000        0x0 /Users/tattaka/gcc-arm-none-eabi-4_8-2013q4/bin/../lib/gcc/arm-none-eabi/4.8.3/armv7e-m/fpu/crti.o
 .bss           0x0000000000000000        0x0 /Users/tattaka/gcc-arm-none-eabi-4_8-2013q4/bin/../lib/gcc/arm-none-eabi/4.8.3/armv7e-m/fpu/crti.o
 .data          0x0000000000000000        0x4 /Users/tattaka/gcc-arm-none-eabi-4_8-2013q4/bin/../lib/gcc/arm-none-eabi/4.8.3/armv7e-m/fpu/crtbegin.o
 .text          0x0000000000000000       0x74 /Users/tattaka/gcc-arm-none-eabi-4_8-2013q4/bin/../lib/gcc/arm-none-eabi/4.8.3/../../../../arm-none-eabi/lib/armv7e-m/fpu/crt0.o
 .data          0x0000000000000000        0x0 /Users/tattaka/gcc-arm-none-eabi-4_8-2013q4/bin/../lib/gcc/arm-none-eabi/4.8.3/../../../../arm-none-eabi/lib/armv7e-m/fpu/crt0.o
 .bss           0x0000000000000000        0x0 /Users/tattaka/gcc-arm-none-eabi-4_8-2013q4/bin/../lib/gcc/arm-none-eabi/4.8.3/../../../../arm-none-eabi/lib/armv7e-m/fpu/crt0.o
 .ARM.extab     0x0000000000000000        0x0 /Users/tattaka/gcc-arm-none-eabi-4_8-2013q4/bin/../lib/gcc/arm-none-eabi/4.8.3/../../../../arm-none-eabi/lib/armv7e-m/fpu/crt0.o
 .ARM.exidx     0x0000000000000000        0x8 /Users/tattaka/gcc-arm-none-eabi-4_8-2013q4/bin/../lib/gcc/arm-none-eabi/4.8.3/../../../../arm-none-eabi/lib/armv7e-m/fpu/crt0.o
 .ARM.attributes
                0x0000000000000000       0x20 /Users/tattaka/gcc-arm-none-eabi-4_8-2013q4/bin/../lib/gcc/arm-none-eabi/4.8.3/../../../../arm-none-eabi/lib/armv7e-m/fpu/crt0.o
 .text          0x0000000000000000        0x0 build/stm32f4xx_hal_msp.o
 .data          0x0000000000000000        0x0 build/stm32f4xx_hal_msp.o
 .bss           0x0000000000000000        0x0 build/stm32f4xx_hal_msp.o
 .text          0x0000000000000000        0x0 build/stm32f4xx_hal_tim_ex.o
 .data          0x0000000000000000        0x0 build/stm32f4xx_hal_tim_ex.o
 .bss           0x0000000000000000        0x0 build/stm32f4xx_hal_tim_ex.o
 .debug_info    0x0000000000000000       0x90 build/stm32f4xx_hal_tim_ex.o
 .debug_abbrev  0x0000000000000000       0x4b build/stm32f4xx_hal_tim_ex.o
 .debug_aranges
                0x0000000000000000       0x18 build/stm32f4xx_hal_tim_ex.o
 .debug_line    0x0000000000000000       0x8f build/stm32f4xx_hal_tim_ex.o
 .debug_str     0x0000000000000000      0x1b9 build/stm32f4xx_hal_tim_ex.o
 .comment       0x0000000000000000       0x71 build/stm32f4xx_hal_tim_ex.o
 .ARM.attributes
                0x0000000000000000       0x39 build/stm32f4xx_hal_tim_ex.o
 .text          0x0000000000000000        0x0 build/stm32f4xx_hal_flash_ramfunc.o
 .data          0x0000000000000000        0x0 build/stm32f4xx_hal_flash_ramfunc.o
 .bss           0x0000000000000000        0x0 build/stm32f4xx_hal_flash_ramfunc.o
 .debug_info    0x0000000000000000       0x90 build/stm32f4xx_hal_flash_ramfunc.o
 .debug_abbrev  0x0000000000000000       0x4b build/stm32f4xx_hal_flash_ramfunc.o
 .debug_aranges
                0x0000000000000000       0x18 build/stm32f4xx_hal_flash_ramfunc.o
 .debug_line    0x0000000000000000       0x8f build/stm32f4xx_hal_flash_ramfunc.o
 .debug_str     0x0000000000000000      0x1c0 build/stm32f4xx_hal_flash_ramfunc.o
 .comment       0x0000000000000000       0x71 build/stm32f4xx_hal_flash_ramfunc.o
 .ARM.attributes
                0x0000000000000000       0x39 build/stm32f4xx_hal_flash_ramfunc.o
 .text          0x0000000000000000        0x0 build/system_stm32f4xx.o
 .data          0x0000000000000000        0x0 build/system_stm32f4xx.o
 .bss           0x0000000000000000        0x0 build/system_stm32f4xx.o
 .text.SystemCoreClockUpdate
                0x0000000000000000       0x8c build/system_stm32f4xx.o
 .rodata.APBPrescTable
                0x0000000000000000        0x8 build/system_stm32f4xx.o
 .text          0x0000000000000000        0x0 build/stdlib_system.o
 .data          0x0000000000000000        0x0 build/stdlib_system.o
 .bss           0x0000000000000000        0x0 build/stdlib_system.o
 .text          0x0000000000000000        0x0 build/stm32f4xx_hal_pwr.o
 .data          0x0000000000000000        0x0 build/stm32f4xx_hal_pwr.o
 .bss           0x0000000000000000        0x0 build/stm32f4xx_hal_pwr.o
 .text.HAL_PWR_DeInit
                0x0000000000000000       0x18 build/stm32f4xx_hal_pwr.o
 .text.HAL_PWR_EnableBkUpAccess
                0x0000000000000000       0x1c build/stm32f4xx_hal_pwr.o
 .text.HAL_PWR_DisableBkUpAccess
                0x0000000000000000       0x1c build/stm32f4xx_hal_pwr.o
 .text.HAL_PWR_ConfigPVD
                0x0000000000000000       0x84 build/stm32f4xx_hal_pwr.o
 .text.HAL_PWR_EnablePVD
                0x0000000000000000       0x1c build/stm32f4xx_hal_pwr.o
 .text.HAL_PWR_DisablePVD
                0x0000000000000000       0x1c build/stm32f4xx_hal_pwr.o
 .text.HAL_PWR_EnableWakeUpPin
                0x0000000000000000       0x10 build/stm32f4xx_hal_pwr.o
 .text.HAL_PWR_DisableWakeUpPin
                0x0000000000000000       0x10 build/stm32f4xx_hal_pwr.o
 .text.HAL_PWR_EnterSLEEPMode
                0x0000000000000000       0x20 build/stm32f4xx_hal_pwr.o
 .text.HAL_PWR_EnterSTOPMode
                0x0000000000000000       0x38 build/stm32f4xx_hal_pwr.o
 .text.HAL_PWR_EnterSTANDBYMode
                0x0000000000000000       0x20 build/stm32f4xx_hal_pwr.o
 .text.HAL_PWR_PVDCallback
                0x0000000000000000        0x4 build/stm32f4xx_hal_pwr.o
 .text.HAL_PWR_PVD_IRQHandler
                0x0000000000000000       0x20 build/stm32f4xx_hal_pwr.o
 .text.HAL_PWR_EnableSleepOnExit
                0x0000000000000000       0x10 build/stm32f4xx_hal_pwr.o
 .text.HAL_PWR_DisableSleepOnExit
                0x0000000000000000       0x10 build/stm32f4xx_hal_pwr.o
 .text.HAL_PWR_EnableSEVOnPend
                0x0000000000000000       0x10 build/stm32f4xx_hal_pwr.o
 .text.HAL_PWR_DisableSEVOnPend
                0x0000000000000000       0x10 build/stm32f4xx_hal_pwr.o
 .debug_info    0x0000000000000000      0x918 build/stm32f4xx_hal_pwr.o
 .debug_abbrev  0x0000000000000000      0x21a build/stm32f4xx_hal_pwr.o
 .debug_loc     0x0000000000000000       0xcf build/stm32f4xx_hal_pwr.o
 .debug_aranges
                0x0000000000000000       0xa0 build/stm32f4xx_hal_pwr.o
 .debug_ranges  0x0000000000000000       0x90 build/stm32f4xx_hal_pwr.o
 .debug_line    0x0000000000000000      0x2d9 build/stm32f4xx_hal_pwr.o
 .debug_str     0x0000000000000000      0x560 build/stm32f4xx_hal_pwr.o
 .comment       0x0000000000000000       0x71 build/stm32f4xx_hal_pwr.o
 .ARM.attributes
                0x0000000000000000       0x39 build/stm32f4xx_hal_pwr.o
 .debug_frame   0x0000000000000000      0x12c build/stm32f4xx_hal_pwr.o
 .text          0x0000000000000000        0x0 build/stm32f4xx_hal_tim.o
 .data          0x0000000000000000        0x0 build/stm32f4xx_hal_tim.o
 .bss           0x0000000000000000        0x0 build/stm32f4xx_hal_tim.o
 .debug_info    0x0000000000000000       0x90 build/stm32f4xx_hal_tim.o
 .debug_abbrev  0x0000000000000000       0x4b build/stm32f4xx_hal_tim.o
 .debug_aranges
                0x0000000000000000       0x18 build/stm32f4xx_hal_tim.o
 .debug_line    0x0000000000000000       0x8f build/stm32f4xx_hal_tim.o
 .debug_str     0x0000000000000000      0x1b6 build/stm32f4xx_hal_tim.o
 .comment       0x0000000000000000       0x71 build/stm32f4xx_hal_tim.o
 .ARM.attributes
                0x0000000000000000       0x39 build/stm32f4xx_hal_tim.o
 .text          0x0000000000000000        0x0 build/stm32f4xx_hal_gpio.o
 .data          0x0000000000000000        0x0 build/stm32f4xx_hal_gpio.o
 .bss           0x0000000000000000        0x0 build/stm32f4xx_hal_gpio.o
 .text.HAL_GPIO_DeInit
                0x0000000000000000      0x124 build/stm32f4xx_hal_gpio.o
 .text.HAL_GPIO_ReadPin
                0x0000000000000000        0xc build/stm32f4xx_hal_gpio.o
 .text.HAL_GPIO_LockPin
                0x0000000000000000       0x30 build/stm32f4xx_hal_gpio.o
 .text.HAL_GPIO_EXTI_Callback
                0x0000000000000000        0x4 build/stm32f4xx_hal_gpio.o
 .text.HAL_GPIO_EXTI_IRQHandler
                0x0000000000000000       0x18 build/stm32f4xx_hal_gpio.o
 .text          0x0000000000000000        0x0 build/stm32f4xx_hal_dma.o
 .data          0x0000000000000000        0x0 build/stm32f4xx_hal_dma.o
 .bss           0x0000000000000000        0x0 build/stm32f4xx_hal_dma.o
 .text.DMA_SetConfig
                0x0000000000000000       0x2c build/stm32f4xx_hal_dma.o
 .text.DMA_CalcBaseAndBitshift
                0x0000000000000000       0x38 build/stm32f4xx_hal_dma.o
 .text.DMA_CheckFifoParam
                0x0000000000000000       0x84 build/stm32f4xx_hal_dma.o
 .text.HAL_DMA_Init
                0x0000000000000000       0xd0 build/stm32f4xx_hal_dma.o
 .text.HAL_DMA_DeInit
                0x0000000000000000       0x5c build/stm32f4xx_hal_dma.o
 .text.HAL_DMA_Start
                0x0000000000000000       0x48 build/stm32f4xx_hal_dma.o
 .text.HAL_DMA_Start_IT
                0x0000000000000000       0x78 build/stm32f4xx_hal_dma.o
 .text.HAL_DMA_Abort
                0x0000000000000000       0x94 build/stm32f4xx_hal_dma.o
 .text.HAL_DMA_Abort_IT
                0x0000000000000000       0x28 build/stm32f4xx_hal_dma.o
 .text.HAL_DMA_PollForTransfer
                0x0000000000000000      0x134 build/stm32f4xx_hal_dma.o
 .text.HAL_DMA_IRQHandler
                0x0000000000000000      0x1ec build/stm32f4xx_hal_dma.o
 .text.HAL_DMA_RegisterCallback
                0x0000000000000000       0x60 build/stm32f4xx_hal_dma.o
 .text.HAL_DMA_UnRegisterCallback
                0x0000000000000000       0x70 build/stm32f4xx_hal_dma.o
 .text.HAL_DMA_GetState
                0x0000000000000000        0x8 build/stm32f4xx_hal_dma.o
 .text.HAL_DMA_GetError
                0x0000000000000000        0x4 build/stm32f4xx_hal_dma.o
 .rodata.flagBitshiftOffset.6762
                0x0000000000000000        0x8 build/stm32f4xx_hal_dma.o
 .debug_info    0x0000000000000000      0xaa4 build/stm32f4xx_hal_dma.o
 .debug_abbrev  0x0000000000000000      0x28b build/stm32f4xx_hal_dma.o
 .debug_loc     0x0000000000000000      0x9c5 build/stm32f4xx_hal_dma.o
 .debug_aranges
                0x0000000000000000       0x90 build/stm32f4xx_hal_dma.o
 .debug_ranges  0x0000000000000000       0x80 build/stm32f4xx_hal_dma.o
 .debug_line    0x0000000000000000      0x497 build/stm32f4xx_hal_dma.o
 .debug_str     0x0000000000000000      0x767 build/stm32f4xx_hal_dma.o
 .comment       0x0000000000000000       0x71 build/stm32f4xx_hal_dma.o
 .ARM.attributes
                0x0000000000000000       0x39 build/stm32f4xx_hal_dma.o
 .debug_frame   0x0000000000000000      0x1a0 build/stm32f4xx_hal_dma.o
 .text          0x0000000000000000        0x0 build/stm32f4xx_hal_flash_ex.o
 .data          0x0000000000000000        0x0 build/stm32f4xx_hal_flash_ex.o
 .bss           0x0000000000000000        0x0 build/stm32f4xx_hal_flash_ex.o
 .text.FLASH_MassErase
                0x0000000000000000       0x24 build/stm32f4xx_hal_flash_ex.o
 .text.FLASH_OB_BOR_LevelConfig
                0x0000000000000000       0x18 build/stm32f4xx_hal_flash_ex.o
 .text.FLASH_OB_GetUser
                0x0000000000000000       0x10 build/stm32f4xx_hal_flash_ex.o
 .text.FLASH_OB_GetWRP
                0x0000000000000000        0xc build/stm32f4xx_hal_flash_ex.o
 .text.FLASH_OB_GetRDP
                0x0000000000000000       0x24 build/stm32f4xx_hal_flash_ex.o
 .text.FLASH_OB_GetBOR
                0x0000000000000000       0x10 build/stm32f4xx_hal_flash_ex.o
 .text.FLASH_OB_EnableWRP
                0x0000000000000000       0x24 build/stm32f4xx_hal_flash_ex.o
 .text.FLASH_OB_DisableWRP
                0x0000000000000000       0x24 build/stm32f4xx_hal_flash_ex.o
 .text.FLASH_OB_RDP_LevelConfig
                0x0000000000000000       0x1c build/stm32f4xx_hal_flash_ex.o
 .text.FLASH_OB_UserConfig
                0x0000000000000000       0x2c build/stm32f4xx_hal_flash_ex.o
 .text.FLASH_OB_EnablePCROP
                0x0000000000000000       0x24 build/stm32f4xx_hal_flash_ex.o
 .text.FLASH_OB_DisablePCROP
                0x0000000000000000       0x24 build/stm32f4xx_hal_flash_ex.o
 .text.HAL_FLASHEx_OBProgram
                0x0000000000000000       0x7c build/stm32f4xx_hal_flash_ex.o
 .text.HAL_FLASHEx_OBGetConfig
                0x0000000000000000       0x24 build/stm32f4xx_hal_flash_ex.o
 .text.HAL_FLASHEx_AdvOBProgram
                0x0000000000000000       0x24 build/stm32f4xx_hal_flash_ex.o
 .text.HAL_FLASHEx_AdvOBGetConfig
                0x0000000000000000        0xc build/stm32f4xx_hal_flash_ex.o
 .text.HAL_FLASHEx_OB_SelectPCROP
                0x0000000000000000       0x14 build/stm32f4xx_hal_flash_ex.o
 .text.HAL_FLASHEx_OB_DeSelectPCROP
                0x0000000000000000       0x14 build/stm32f4xx_hal_flash_ex.o
 .text.FLASH_Erase_Sector
                0x0000000000000000       0x60 build/stm32f4xx_hal_flash_ex.o
 .text.HAL_FLASHEx_Erase_IT
                0x0000000000000000       0x6c build/stm32f4xx_hal_flash_ex.o
 .text.FLASH_FlushCaches
                0x0000000000000000       0x60 build/stm32f4xx_hal_flash_ex.o
 .text.HAL_FLASHEx_Erase
                0x0000000000000000       0xa4 build/stm32f4xx_hal_flash_ex.o
 .debug_info    0x0000000000000000      0xa08 build/stm32f4xx_hal_flash_ex.o
 .debug_abbrev  0x0000000000000000      0x2dc build/stm32f4xx_hal_flash_ex.o
 .debug_loc     0x0000000000000000      0x7e7 build/stm32f4xx_hal_flash_ex.o
 .debug_aranges
                0x0000000000000000       0xc8 build/stm32f4xx_hal_flash_ex.o
 .debug_ranges  0x0000000000000000       0xb8 build/stm32f4xx_hal_flash_ex.o
 .debug_line    0x0000000000000000      0x3e6 build/stm32f4xx_hal_flash_ex.o
 .debug_str     0x0000000000000000      0x667 build/stm32f4xx_hal_flash_ex.o
 .comment       0x0000000000000000       0x71 build/stm32f4xx_hal_flash_ex.o
 .ARM.attributes
                0x0000000000000000       0x39 build/stm32f4xx_hal_flash_ex.o
 .debug_frame   0x0000000000000000      0x218 build/stm32f4xx_hal_flash_ex.o
 .text          0x0000000000000000        0x0 build/stm32f4xx_it.o
 .data          0x0000000000000000        0x0 build/stm32f4xx_it.o
 .bss           0x0000000000000000        0x0 build/stm32f4xx_it.o
 .text          0x0000000000000000        0x0 build/stm32f4xx_hal.o
 .data          0x0000000000000000        0x0 build/stm32f4xx_hal.o
 .bss           0x0000000000000000        0x0 build/stm32f4xx_hal.o
 .text.HAL_MspInit
                0x0000000000000000        0x4 build/stm32f4xx_hal.o
 .text.HAL_MspDeInit
                0x0000000000000000        0x4 build/stm32f4xx_hal.o
 .text.HAL_DeInit
                0x0000000000000000       0x2c build/stm32f4xx_hal.o
 .text.HAL_SuspendTick
                0x0000000000000000       0x10 build/stm32f4xx_hal.o
 .text.HAL_ResumeTick
                0x0000000000000000       0x10 build/stm32f4xx_hal.o
 .text.HAL_GetHalVersion
                0x0000000000000000        0x8 build/stm32f4xx_hal.o
 .text.HAL_GetREVID
                0x0000000000000000        0xc build/stm32f4xx_hal.o
 .text.HAL_GetDEVID
                0x0000000000000000       0x10 build/stm32f4xx_hal.o
 .text.HAL_DBGMCU_EnableDBGSleepMode
                0x0000000000000000       0x10 build/stm32f4xx_hal.o
 .text.HAL_DBGMCU_DisableDBGSleepMode
                0x0000000000000000       0x10 build/stm32f4xx_hal.o
 .text.HAL_DBGMCU_EnableDBGStopMode
                0x0000000000000000       0x10 build/stm32f4xx_hal.o
 .text.HAL_DBGMCU_DisableDBGStopMode
                0x0000000000000000       0x10 build/stm32f4xx_hal.o
 .text.HAL_DBGMCU_EnableDBGStandbyMode
                0x0000000000000000       0x10 build/stm32f4xx_hal.o
 .text.HAL_DBGMCU_DisableDBGStandbyMode
                0x0000000000000000       0x10 build/stm32f4xx_hal.o
 .text.HAL_EnableCompensationCell
                0x0000000000000000       0x1c build/stm32f4xx_hal.o
 .text.HAL_DisableCompensationCell
                0x0000000000000000       0x1c build/stm32f4xx_hal.o
 .text.HAL_GetUID
                0x0000000000000000       0x20 build/stm32f4xx_hal.o
 .text          0x0000000000000000        0x0 build/stm32f4xx_hal_dma_ex.o
 .data          0x0000000000000000        0x0 build/stm32f4xx_hal_dma_ex.o
 .bss           0x0000000000000000        0x0 build/stm32f4xx_hal_dma_ex.o
 .text.DMA_MultiBufferSetConfig
                0x0000000000000000       0x24 build/stm32f4xx_hal_dma_ex.o
 .text.HAL_DMAEx_MultiBufferStart
                0x0000000000000000       0x60 build/stm32f4xx_hal_dma_ex.o
 .text.HAL_DMAEx_MultiBufferStart_IT
                0x0000000000000000      0xe98 build/stm32f4xx_hal_dma_ex.o
 .text.HAL_DMAEx_ChangeMemory
                0x0000000000000000       0x10 build/stm32f4xx_hal_dma_ex.o
 .debug_info    0x0000000000000000      0x586 build/stm32f4xx_hal_dma_ex.o
 .debug_abbrev  0x0000000000000000      0x164 build/stm32f4xx_hal_dma_ex.o
 .debug_loc     0x0000000000000000      0x352 build/stm32f4xx_hal_dma_ex.o
 .debug_aranges
                0x0000000000000000       0x38 build/stm32f4xx_hal_dma_ex.o
 .debug_ranges  0x0000000000000000       0x28 build/stm32f4xx_hal_dma_ex.o
 .debug_line    0x0000000000000000      0x7d3 build/stm32f4xx_hal_dma_ex.o
 .debug_str     0x0000000000000000      0x544 build/stm32f4xx_hal_dma_ex.o
 .comment       0x0000000000000000       0x71 build/stm32f4xx_hal_dma_ex.o
 .ARM.attributes
                0x0000000000000000       0x39 build/stm32f4xx_hal_dma_ex.o
 .debug_frame   0x0000000000000000       0x78 build/stm32f4xx_hal_dma_ex.o
 .text          0x0000000000000000        0x0 build/stm32f4xx_hal_pwr_ex.o
 .data          0x0000000000000000        0x0 build/stm32f4xx_hal_pwr_ex.o
 .bss           0x0000000000000000        0x0 build/stm32f4xx_hal_pwr_ex.o
 .text.HAL_PWREx_EnableBkUpReg
                0x0000000000000000       0x48 build/stm32f4xx_hal_pwr_ex.o
 .text.HAL_PWREx_DisableBkUpReg
                0x0000000000000000       0x48 build/stm32f4xx_hal_pwr_ex.o
 .text.HAL_PWREx_EnableFlashPowerDown
                0x0000000000000000       0x1c build/stm32f4xx_hal_pwr_ex.o
 .text.HAL_PWREx_DisableFlashPowerDown
                0x0000000000000000       0x1c build/stm32f4xx_hal_pwr_ex.o
 .text.HAL_PWREx_GetVoltageRange
                0x0000000000000000       0x10 build/stm32f4xx_hal_pwr_ex.o
 .text.HAL_PWREx_ControlVoltageScaling
                0x0000000000000000       0xc8 build/stm32f4xx_hal_pwr_ex.o
 .text.HAL_PWREx_EnableMainRegulatorLowVoltage
                0x0000000000000000       0x1c build/stm32f4xx_hal_pwr_ex.o
 .text.HAL_PWREx_DisableMainRegulatorLowVoltage
                0x0000000000000000       0x1c build/stm32f4xx_hal_pwr_ex.o
 .text.HAL_PWREx_EnableLowRegulatorLowVoltage
                0x0000000000000000       0x1c build/stm32f4xx_hal_pwr_ex.o
 .text.HAL_PWREx_DisableLowRegulatorLowVoltage
                0x0000000000000000       0x1c build/stm32f4xx_hal_pwr_ex.o
 .debug_info    0x0000000000000000      0x6d7 build/stm32f4xx_hal_pwr_ex.o
 .debug_abbrev  0x0000000000000000      0x21c build/stm32f4xx_hal_pwr_ex.o
 .debug_loc     0x0000000000000000      0x215 build/stm32f4xx_hal_pwr_ex.o
 .debug_aranges
                0x0000000000000000       0x68 build/stm32f4xx_hal_pwr_ex.o
 .debug_ranges  0x0000000000000000       0x58 build/stm32f4xx_hal_pwr_ex.o
 .debug_line    0x0000000000000000      0x2b7 build/stm32f4xx_hal_pwr_ex.o
 .debug_str     0x0000000000000000      0x4bb build/stm32f4xx_hal_pwr_ex.o
 .comment       0x0000000000000000       0x71 build/stm32f4xx_hal_pwr_ex.o
 .ARM.attributes
                0x0000000000000000       0x39 build/stm32f4xx_hal_pwr_ex.o
 .debug_frame   0x0000000000000000       0xe4 build/stm32f4xx_hal_pwr_ex.o
 .text          0x0000000000000000        0x0 build/stm32f4xx_hal_rcc_ex.o
 .data          0x0000000000000000        0x0 build/stm32f4xx_hal_rcc_ex.o
 .bss           0x0000000000000000        0x0 build/stm32f4xx_hal_rcc_ex.o
 .text.HAL_RCCEx_PeriphCLKConfig
                0x0000000000000000      0x18c build/stm32f4xx_hal_rcc_ex.o
 .text.HAL_RCCEx_GetPeriphCLKConfig
                0x0000000000000000       0x64 build/stm32f4xx_hal_rcc_ex.o
 .text.HAL_RCCEx_GetPeriphCLKFreq
                0x0000000000000000       0x64 build/stm32f4xx_hal_rcc_ex.o
 .text.HAL_RCC_DeInit
                0x0000000000000000       0x54 build/stm32f4xx_hal_rcc_ex.o
 .debug_info    0x0000000000000000      0x65a build/stm32f4xx_hal_rcc_ex.o
 .debug_abbrev  0x0000000000000000      0x21d build/stm32f4xx_hal_rcc_ex.o
 .debug_loc     0x0000000000000000      0x2d0 build/stm32f4xx_hal_rcc_ex.o
 .debug_aranges
                0x0000000000000000       0x38 build/stm32f4xx_hal_rcc_ex.o
 .debug_ranges  0x0000000000000000       0x28 build/stm32f4xx_hal_rcc_ex.o
 .debug_line    0x0000000000000000      0x29b build/stm32f4xx_hal_rcc_ex.o
 .debug_str     0x0000000000000000      0x49d build/stm32f4xx_hal_rcc_ex.o
 .comment       0x0000000000000000       0x71 build/stm32f4xx_hal_rcc_ex.o
 .ARM.attributes
                0x0000000000000000       0x39 build/stm32f4xx_hal_rcc_ex.o
 .debug_frame   0x0000000000000000       0x68 build/stm32f4xx_hal_rcc_ex.o
 .text          0x0000000000000000        0x0 build/stm32f4xx_hal_rcc.o
 .data          0x0000000000000000        0x0 build/stm32f4xx_hal_rcc.o
 .bss           0x0000000000000000        0x0 build/stm32f4xx_hal_rcc.o
 .text.HAL_RCC_DeInit
                0x0000000000000000        0x4 build/stm32f4xx_hal_rcc.o
 .text.HAL_RCC_MCOConfig
                0x0000000000000000       0x9c build/stm32f4xx_hal_rcc.o
 .text.HAL_RCC_EnableCSS
                0x0000000000000000        0xc build/stm32f4xx_hal_rcc.o
 .text.HAL_RCC_DisableCSS
                0x0000000000000000        0xc build/stm32f4xx_hal_rcc.o
 .text.HAL_RCC_GetPCLK1Freq
                0x0000000000000000       0x30 build/stm32f4xx_hal_rcc.o
 .text.HAL_RCC_GetPCLK2Freq
                0x0000000000000000       0x30 build/stm32f4xx_hal_rcc.o
 .text.HAL_RCC_GetOscConfig
                0x0000000000000000       0xf8 build/stm32f4xx_hal_rcc.o
 .text.HAL_RCC_GetClockConfig
                0x0000000000000000       0x3c build/stm32f4xx_hal_rcc.o
 .text.HAL_RCC_CSSCallback
                0x0000000000000000        0x4 build/stm32f4xx_hal_rcc.o
 .text.HAL_RCC_NMI_IRQHandler
                0x0000000000000000       0x20 build/stm32f4xx_hal_rcc.o
 .text          0x0000000000000000        0x0 build/stm32f4xx_hal_flash.o
 .data          0x0000000000000000        0x0 build/stm32f4xx_hal_flash.o
 .bss           0x0000000000000000        0x0 build/stm32f4xx_hal_flash.o
 .text.FLASH_Program_DoubleWord
                0x0000000000000000       0x28 build/stm32f4xx_hal_flash.o
 .text.FLASH_Program_Word
                0x0000000000000000       0x24 build/stm32f4xx_hal_flash.o
 .text.FLASH_Program_HalfWord
                0x0000000000000000       0x24 build/stm32f4xx_hal_flash.o
 .text.FLASH_Program_Byte
                0x0000000000000000       0x20 build/stm32f4xx_hal_flash.o
 .text.FLASH_SetErrorCode
                0x0000000000000000       0xa8 build/stm32f4xx_hal_flash.o
 .text.HAL_FLASH_Program_IT
                0x0000000000000000       0x6c build/stm32f4xx_hal_flash.o
 .text.HAL_FLASH_EndOfOperationCallback
                0x0000000000000000        0x4 build/stm32f4xx_hal_flash.o
 .text.HAL_FLASH_OperationErrorCallback
                0x0000000000000000        0x4 build/stm32f4xx_hal_flash.o
 .text.HAL_FLASH_IRQHandler
                0x0000000000000000       0xf4 build/stm32f4xx_hal_flash.o
 .text.HAL_FLASH_Unlock
                0x0000000000000000       0x24 build/stm32f4xx_hal_flash.o
 .text.HAL_FLASH_Lock
                0x0000000000000000       0x14 build/stm32f4xx_hal_flash.o
 .text.HAL_FLASH_OB_Unlock
                0x0000000000000000       0x28 build/stm32f4xx_hal_flash.o
 .text.HAL_FLASH_OB_Lock
                0x0000000000000000       0x14 build/stm32f4xx_hal_flash.o
 .text.HAL_FLASH_GetError
                0x0000000000000000        0xc build/stm32f4xx_hal_flash.o
 .text.FLASH_WaitForLastOperation
                0x0000000000000000       0x64 build/stm32f4xx_hal_flash.o
 .text.HAL_FLASH_Program
                0x0000000000000000       0x80 build/stm32f4xx_hal_flash.o
 .text.HAL_FLASH_OB_Launch
                0x0000000000000000       0x1c build/stm32f4xx_hal_flash.o
 .debug_info    0x0000000000000000      0x71b build/stm32f4xx_hal_flash.o
 .debug_abbrev  0x0000000000000000      0x268 build/stm32f4xx_hal_flash.o
 .debug_loc     0x0000000000000000      0x431 build/stm32f4xx_hal_flash.o
 .debug_aranges
                0x0000000000000000       0xa0 build/stm32f4xx_hal_flash.o
 .debug_ranges  0x0000000000000000       0x90 build/stm32f4xx_hal_flash.o
 .debug_line    0x0000000000000000      0x37a build/stm32f4xx_hal_flash.o
 .debug_str     0x0000000000000000      0x51f build/stm32f4xx_hal_flash.o
 .comment       0x0000000000000000       0x71 build/stm32f4xx_hal_flash.o
 .ARM.attributes
                0x0000000000000000       0x39 build/stm32f4xx_hal_flash.o
 .debug_frame   0x0000000000000000      0x17c build/stm32f4xx_hal_flash.o
 COMMON         0x0000000000000000       0x20 build/stm32f4xx_hal_flash.o
 .text          0x0000000000000000        0x0 build/stm32f4xx_hal_cortex.o
 .data          0x0000000000000000        0x0 build/stm32f4xx_hal_cortex.o
 .bss           0x0000000000000000        0x0 build/stm32f4xx_hal_cortex.o
 .text.HAL_NVIC_EnableIRQ
                0x0000000000000000       0x18 build/stm32f4xx_hal_cortex.o
 .text.HAL_NVIC_DisableIRQ
                0x0000000000000000       0x1c build/stm32f4xx_hal_cortex.o
 .text.HAL_NVIC_SystemReset
                0x0000000000000000       0x24 build/stm32f4xx_hal_cortex.o
 .text.HAL_MPU_Disable
                0x0000000000000000       0x1c build/stm32f4xx_hal_cortex.o
 .text.HAL_MPU_Enable
                0x0000000000000000       0x20 build/stm32f4xx_hal_cortex.o
 .text.HAL_MPU_ConfigRegion
                0x0000000000000000       0x54 build/stm32f4xx_hal_cortex.o
 .text.HAL_NVIC_GetPriorityGrouping
                0x0000000000000000       0x10 build/stm32f4xx_hal_cortex.o
 .text.HAL_NVIC_GetPriority
                0x0000000000000000       0x5c build/stm32f4xx_hal_cortex.o
 .text.HAL_NVIC_SetPendingIRQ
                0x0000000000000000       0x1c build/stm32f4xx_hal_cortex.o
 .text.HAL_NVIC_GetPendingIRQ
                0x0000000000000000       0x1c build/stm32f4xx_hal_cortex.o
 .text.HAL_NVIC_ClearPendingIRQ
                0x0000000000000000       0x1c build/stm32f4xx_hal_cortex.o
 .text.HAL_NVIC_GetActive
                0x0000000000000000       0x1c build/stm32f4xx_hal_cortex.o
 .text          0x0000000000000000        0x0 build/main.o
 .data          0x0000000000000000        0x0 build/main.o
 .bss           0x0000000000000000        0x0 build/main.o
 .text.mainDatInit000
                0x0000000000000000        0x4 build/main.o
 COMMON         0x0000000000000000        0xc build/main.o
 .text          0x0000000000000000        0x0 build/main_.o
 .data          0x0000000000000000        0x0 build/main_.o
 .bss           0x0000000000000000        0x0 build/main_.o
 .text          0x0000000000000000       0x14 build/startup_stm32f401xe.o
 .data          0x0000000000000000        0x0 build/startup_stm32f401xe.o
 .bss           0x0000000000000000        0x0 build/startup_stm32f401xe.o
 .text          0x0000000000000000        0x0 /Users/tattaka/gcc-arm-none-eabi-4_8-2013q4/bin/../lib/gcc/arm-none-eabi/4.8.3/../../../../arm-none-eabi/lib/armv7e-m/fpu/libc_s.a(lib_a-exit.o)
 .data          0x0000000000000000        0x0 /Users/tattaka/gcc-arm-none-eabi-4_8-2013q4/bin/../lib/gcc/arm-none-eabi/4.8.3/../../../../arm-none-eabi/lib/armv7e-m/fpu/libc_s.a(lib_a-exit.o)
 .bss           0x0000000000000000        0x0 /Users/tattaka/gcc-arm-none-eabi-4_8-2013q4/bin/../lib/gcc/arm-none-eabi/4.8.3/../../../../arm-none-eabi/lib/armv7e-m/fpu/libc_s.a(lib_a-exit.o)
 .text.exit     0x0000000000000000       0x28 /Users/tattaka/gcc-arm-none-eabi-4_8-2013q4/bin/../lib/gcc/arm-none-eabi/4.8.3/../../../../arm-none-eabi/lib/armv7e-m/fpu/libc_s.a(lib_a-exit.o)
 .ARM.attributes
                0x0000000000000000       0x34 /Users/tattaka/gcc-arm-none-eabi-4_8-2013q4/bin/../lib/gcc/arm-none-eabi/4.8.3/../../../../arm-none-eabi/lib/armv7e-m/fpu/libc_s.a(lib_a-exit.o)
 .debug_frame   0x0000000000000000       0x28 /Users/tattaka/gcc-arm-none-eabi-4_8-2013q4/bin/../lib/gcc/arm-none-eabi/4.8.3/../../../../arm-none-eabi/lib/armv7e-m/fpu/libc_s.a(lib_a-exit.o)
 .text          0x0000000000000000        0x0 /Users/tattaka/gcc-arm-none-eabi-4_8-2013q4/bin/../lib/gcc/arm-none-eabi/4.8.3/../../../../arm-none-eabi/lib/armv7e-m/fpu/libc_s.a(lib_a-impure.o)
 .data          0x0000000000000000        0x0 /Users/tattaka/gcc-arm-none-eabi-4_8-2013q4/bin/../lib/gcc/arm-none-eabi/4.8.3/../../../../arm-none-eabi/lib/armv7e-m/fpu/libc_s.a(lib_a-impure.o)
 .bss           0x0000000000000000        0x0 /Users/tattaka/gcc-arm-none-eabi-4_8-2013q4/bin/../lib/gcc/arm-none-eabi/4.8.3/../../../../arm-none-eabi/lib/armv7e-m/fpu/libc_s.a(lib_a-impure.o)
 .data.impure_data
                0x0000000000000000       0x60 /Users/tattaka/gcc-arm-none-eabi-4_8-2013q4/bin/../lib/gcc/arm-none-eabi/4.8.3/../../../../arm-none-eabi/lib/armv7e-m/fpu/libc_s.a(lib_a-impure.o)
 .data._impure_ptr
                0x0000000000000000        0x4 /Users/tattaka/gcc-arm-none-eabi-4_8-2013q4/bin/../lib/gcc/arm-none-eabi/4.8.3/../../../../arm-none-eabi/lib/armv7e-m/fpu/libc_s.a(lib_a-impure.o)
 .rodata.str1.1
                0x0000000000000000        0x2 /Users/tattaka/gcc-arm-none-eabi-4_8-2013q4/bin/../lib/gcc/arm-none-eabi/4.8.3/../../../../arm-none-eabi/lib/armv7e-m/fpu/libc_s.a(lib_a-impure.o)
 .rodata._global_impure_ptr
                0x0000000000000000        0x4 /Users/tattaka/gcc-arm-none-eabi-4_8-2013q4/bin/../lib/gcc/arm-none-eabi/4.8.3/../../../../arm-none-eabi/lib/armv7e-m/fpu/libc_s.a(lib_a-impure.o)
 .ARM.attributes
                0x0000000000000000       0x34 /Users/tattaka/gcc-arm-none-eabi-4_8-2013q4/bin/../lib/gcc/arm-none-eabi/4.8.3/../../../../arm-none-eabi/lib/armv7e-m/fpu/libc_s.a(lib_a-impure.o)
 .text          0x0000000000000000        0x0 /Users/tattaka/gcc-arm-none-eabi-4_8-2013q4/bin/../lib/gcc/arm-none-eabi/4.8.3/../../../../arm-none-eabi/lib/armv7e-m/fpu/libc_s.a(lib_a-init.o)
 .data          0x0000000000000000        0x0 /Users/tattaka/gcc-arm-none-eabi-4_8-2013q4/bin/../lib/gcc/arm-none-eabi/4.8.3/../../../../arm-none-eabi/lib/armv7e-m/fpu/libc_s.a(lib_a-init.o)
 .bss           0x0000000000000000        0x0 /Users/tattaka/gcc-arm-none-eabi-4_8-2013q4/bin/../lib/gcc/arm-none-eabi/4.8.3/../../../../arm-none-eabi/lib/armv7e-m/fpu/libc_s.a(lib_a-init.o)
 .text          0x0000000000000000        0x0 /Users/tattaka/gcc-arm-none-eabi-4_8-2013q4/bin/../lib/gcc/arm-none-eabi/4.8.3/../../../../arm-none-eabi/lib/armv7e-m/fpu/libc_s.a(lib_a-memset.o)
 .data          0x0000000000000000        0x0 /Users/tattaka/gcc-arm-none-eabi-4_8-2013q4/bin/../lib/gcc/arm-none-eabi/4.8.3/../../../../arm-none-eabi/lib/armv7e-m/fpu/libc_s.a(lib_a-memset.o)
 .bss           0x0000000000000000        0x0 /Users/tattaka/gcc-arm-none-eabi-4_8-2013q4/bin/../lib/gcc/arm-none-eabi/4.8.3/../../../../arm-none-eabi/lib/armv7e-m/fpu/libc_s.a(lib_a-memset.o)
 .text.memset   0x0000000000000000       0x10 /Users/tattaka/gcc-arm-none-eabi-4_8-2013q4/bin/../lib/gcc/arm-none-eabi/4.8.3/../../../../arm-none-eabi/lib/armv7e-m/fpu/libc_s.a(lib_a-memset.o)
 .ARM.attributes
                0x0000000000000000       0x34 /Users/tattaka/gcc-arm-none-eabi-4_8-2013q4/bin/../lib/gcc/arm-none-eabi/4.8.3/../../../../arm-none-eabi/lib/armv7e-m/fpu/libc_s.a(lib_a-memset.o)
 .debug_frame   0x0000000000000000       0x20 /Users/tattaka/gcc-arm-none-eabi-4_8-2013q4/bin/../lib/gcc/arm-none-eabi/4.8.3/../../../../arm-none-eabi/lib/armv7e-m/fpu/libc_s.a(lib_a-memset.o)
 .text          0x0000000000000000        0x0 /Users/tattaka/gcc-arm-none-eabi-4_8-2013q4/bin/../lib/gcc/arm-none-eabi/4.8.3/../../../../arm-none-eabi/lib/armv7e-m/fpu/libnosys.a(_exit.o)
 .data          0x0000000000000000        0x0 /Users/tattaka/gcc-arm-none-eabi-4_8-2013q4/bin/../lib/gcc/arm-none-eabi/4.8.3/../../../../arm-none-eabi/lib/armv7e-m/fpu/libnosys.a(_exit.o)
 .bss           0x0000000000000000        0x0 /Users/tattaka/gcc-arm-none-eabi-4_8-2013q4/bin/../lib/gcc/arm-none-eabi/4.8.3/../../../../arm-none-eabi/lib/armv7e-m/fpu/libnosys.a(_exit.o)
 .text._exit    0x0000000000000000        0x4 /Users/tattaka/gcc-arm-none-eabi-4_8-2013q4/bin/../lib/gcc/arm-none-eabi/4.8.3/../../../../arm-none-eabi/lib/armv7e-m/fpu/libnosys.a(_exit.o)
 .ARM.attributes
                0x0000000000000000       0x34 /Users/tattaka/gcc-arm-none-eabi-4_8-2013q4/bin/../lib/gcc/arm-none-eabi/4.8.3/../../../../arm-none-eabi/lib/armv7e-m/fpu/libnosys.a(_exit.o)
 .debug_frame   0x0000000000000000       0x20 /Users/tattaka/gcc-arm-none-eabi-4_8-2013q4/bin/../lib/gcc/arm-none-eabi/4.8.3/../../../../arm-none-eabi/lib/armv7e-m/fpu/libnosys.a(_exit.o)
 .text          0x0000000000000000        0x0 /Users/tattaka/gcc-arm-none-eabi-4_8-2013q4/bin/../lib/gcc/arm-none-eabi/4.8.3/armv7e-m/fpu/crtend.o
 .data          0x0000000000000000        0x0 /Users/tattaka/gcc-arm-none-eabi-4_8-2013q4/bin/../lib/gcc/arm-none-eabi/4.8.3/armv7e-m/fpu/crtend.o
 .bss           0x0000000000000000        0x0 /Users/tattaka/gcc-arm-none-eabi-4_8-2013q4/bin/../lib/gcc/arm-none-eabi/4.8.3/armv7e-m/fpu/crtend.o
 .eh_frame      0x0000000000000000        0x4 /Users/tattaka/gcc-arm-none-eabi-4_8-2013q4/bin/../lib/gcc/arm-none-eabi/4.8.3/armv7e-m/fpu/crtend.o
 .jcr           0x0000000000000000        0x4 /Users/tattaka/gcc-arm-none-eabi-4_8-2013q4/bin/../lib/gcc/arm-none-eabi/4.8.3/armv7e-m/fpu/crtend.o
 .ARM.attributes
                0x0000000000000000       0x34 /Users/tattaka/gcc-arm-none-eabi-4_8-2013q4/bin/../lib/gcc/arm-none-eabi/4.8.3/armv7e-m/fpu/crtend.o
 .text          0x0000000000000000        0x0 /Users/tattaka/gcc-arm-none-eabi-4_8-2013q4/bin/../lib/gcc/arm-none-eabi/4.8.3/armv7e-m/fpu/crtn.o
 .data          0x0000000000000000        0x0 /Users/tattaka/gcc-arm-none-eabi-4_8-2013q4/bin/../lib/gcc/arm-none-eabi/4.8.3/armv7e-m/fpu/crtn.o
 .bss           0x0000000000000000        0x0 /Users/tattaka/gcc-arm-none-eabi-4_8-2013q4/bin/../lib/gcc/arm-none-eabi/4.8.3/armv7e-m/fpu/crtn.o

Memory Configuration

Name             Origin             Length             Attributes
RAM              0x0000000020000000 0x0000000000018000 xrw
FLASH            0x0000000008000000 0x0000000000080000 xr
*default*        0x0000000000000000 0xffffffffffffffff

Linker script and memory map

LOAD /Users/tattaka/gcc-arm-none-eabi-4_8-2013q4/bin/../lib/gcc/arm-none-eabi/4.8.3/armv7e-m/fpu/crti.o
LOAD /Users/tattaka/gcc-arm-none-eabi-4_8-2013q4/bin/../lib/gcc/arm-none-eabi/4.8.3/armv7e-m/fpu/crtbegin.o
LOAD /Users/tattaka/gcc-arm-none-eabi-4_8-2013q4/bin/../lib/gcc/arm-none-eabi/4.8.3/../../../../arm-none-eabi/lib/armv7e-m/fpu/crt0.o
LOAD build/stm32f4xx_hal_msp.o
LOAD build/stm32f4xx_hal_tim_ex.o
LOAD build/stm32f4xx_hal_flash_ramfunc.o
LOAD build/system_stm32f4xx.o
LOAD build/stdlib_system.o
LOAD build/stm32f4xx_hal_pwr.o
LOAD build/stm32f4xx_hal_tim.o
LOAD build/stm32f4xx_hal_gpio.o
LOAD build/stm32f4xx_hal_dma.o
LOAD build/stm32f4xx_hal_flash_ex.o
LOAD build/stm32f4xx_it.o
LOAD build/stm32f4xx_hal.o
LOAD build/stm32f4xx_hal_dma_ex.o
LOAD build/stm32f4xx_hal_pwr_ex.o
LOAD build/stm32f4xx_hal_rcc_ex.o
LOAD build/stm32f4xx_hal_rcc.o
LOAD build/stm32f4xx_hal_flash.o
LOAD build/stm32f4xx_hal_cortex.o
LOAD build/main.o
LOAD build/main_.o
LOAD build/startup_stm32f401xe.o
LOAD /Users/tattaka/gcc-arm-none-eabi-4_8-2013q4/bin/../lib/gcc/arm-none-eabi/4.8.3/../../../../arm-none-eabi/lib/armv7e-m/fpu/libc_s.a
LOAD /Users/tattaka/gcc-arm-none-eabi-4_8-2013q4/bin/../lib/gcc/arm-none-eabi/4.8.3/../../../../arm-none-eabi/lib/armv7e-m/fpu/libm.a
LOAD /Users/tattaka/gcc-arm-none-eabi-4_8-2013q4/bin/../lib/gcc/arm-none-eabi/4.8.3/../../../../arm-none-eabi/lib/armv7e-m/fpu/libnosys.a
START GROUP
LOAD /Users/tattaka/gcc-arm-none-eabi-4_8-2013q4/bin/../lib/gcc/arm-none-eabi/4.8.3/armv7e-m/fpu/libgcc.a
LOAD /Users/tattaka/gcc-arm-none-eabi-4_8-2013q4/bin/../lib/gcc/arm-none-eabi/4.8.3/../../../../arm-none-eabi/lib/armv7e-m/fpu/libc_s.a
END GROUP
START GROUP
LOAD /Users/tattaka/gcc-arm-none-eabi-4_8-2013q4/bin/../lib/gcc/arm-none-eabi/4.8.3/armv7e-m/fpu/libgcc.a
LOAD /Users/tattaka/gcc-arm-none-eabi-4_8-2013q4/bin/../lib/gcc/arm-none-eabi/4.8.3/../../../../arm-none-eabi/lib/armv7e-m/fpu/libc_s.a
END GROUP
LOAD /Users/tattaka/gcc-arm-none-eabi-4_8-2013q4/bin/../lib/gcc/arm-none-eabi/4.8.3/armv7e-m/fpu/crtend.o
LOAD /Users/tattaka/gcc-arm-none-eabi-4_8-2013q4/bin/../lib/gcc/arm-none-eabi/4.8.3/armv7e-m/fpu/crtn.o
                0x0000000020018000                _estack = 0x20018000
                0x0000000000000200                _Min_Heap_Size = 0x200
                0x0000000000000400                _Min_Stack_Size = 0x400

.isr_vector     0x0000000008000000      0x194
                0x0000000008000000                . = ALIGN (0x4)
 *(.isr_vector)
 .isr_vector    0x0000000008000000      0x194 build/startup_stm32f401xe.o
                0x0000000008000000                g_pfnVectors
                0x0000000008000194                . = ALIGN (0x4)

.text           0x0000000008000194      0xd78
                0x0000000008000194                . = ALIGN (0x4)
 *(.text)
 .text          0x0000000008000194       0x54 /Users/tattaka/gcc-arm-none-eabi-4_8-2013q4/bin/../lib/gcc/arm-none-eabi/4.8.3/armv7e-m/fpu/crtbegin.o
 *(.text*)
 .text.HAL_MspInit
                0x00000000080001e8       0x60 build/stm32f4xx_hal_msp.o
                0x00000000080001e8                HAL_MspInit
 .text.SystemInit
                0x0000000008000248       0x4c build/system_stm32f4xx.o
                0x0000000008000248                SystemInit
 .text.systemInit000
                0x0000000008000294        0xc build/stdlib_system.o
                0x0000000008000294                systemInit000
 .text.systemDatInit000
                0x00000000080002a0        0x4 build/stdlib_system.o
                0x00000000080002a0                systemDatInit000
 .text.HAL_GPIO_Init
                0x00000000080002a4      0x1d8 build/stm32f4xx_hal_gpio.o
                0x00000000080002a4                HAL_GPIO_Init
 .text.HAL_GPIO_WritePin
                0x000000000800047c        0xc build/stm32f4xx_hal_gpio.o
                0x000000000800047c                HAL_GPIO_WritePin
 .text.HAL_GPIO_TogglePin
                0x0000000008000488        0x8 build/stm32f4xx_hal_gpio.o
                0x0000000008000488                HAL_GPIO_TogglePin
 .text.SysTick_Handler
                0x0000000008000490        0xc build/stm32f4xx_it.o
                0x0000000008000490                SysTick_Handler
 .text.HAL_InitTick
                0x000000000800049c       0x2c build/stm32f4xx_hal.o
                0x000000000800049c                HAL_InitTick
 .text.HAL_Init
                0x00000000080004c8       0x34 build/stm32f4xx_hal.o
                0x00000000080004c8                HAL_Init
 .text.HAL_IncTick
                0x00000000080004fc       0x10 build/stm32f4xx_hal.o
                0x00000000080004fc                HAL_IncTick
 .text.HAL_GetTick
                0x000000000800050c        0xc build/stm32f4xx_hal.o
                0x000000000800050c                HAL_GetTick
 .text.HAL_Delay
                0x0000000008000518       0x24 build/stm32f4xx_hal.o
                0x0000000008000518                HAL_Delay
 .text.HAL_RCC_OscConfig
                0x000000000800053c      0x3d0 build/stm32f4xx_hal_rcc.o
                0x000000000800053c                HAL_RCC_OscConfig
 .text.HAL_RCC_GetSysClockFreq
                0x000000000800090c       0x78 build/stm32f4xx_hal_rcc.o
                0x000000000800090c                HAL_RCC_GetSysClockFreq
 .text.HAL_RCC_ClockConfig
                0x0000000008000984      0x1d0 build/stm32f4xx_hal_rcc.o
                0x0000000008000984                HAL_RCC_ClockConfig
 .text.HAL_RCC_GetHCLKFreq
                0x0000000008000b54        0xc build/stm32f4xx_hal_rcc.o
                0x0000000008000b54                HAL_RCC_GetHCLKFreq
 .text.HAL_NVIC_SetPriorityGrouping
                0x0000000008000b60       0x24 build/stm32f4xx_hal_cortex.o
                0x0000000008000b60                HAL_NVIC_SetPriorityGrouping
 .text.HAL_NVIC_SetPriority
                0x0000000008000b84       0x64 build/stm32f4xx_hal_cortex.o
                0x0000000008000b84                HAL_NVIC_SetPriority
 .text.HAL_SYSTICK_Config
                0x0000000008000be8       0x2c build/stm32f4xx_hal_cortex.o
                0x0000000008000be8                HAL_SYSTICK_Config
 .text.HAL_SYSTICK_CLKSourceConfig
                0x0000000008000c14       0x18 build/stm32f4xx_hal_cortex.o
                0x0000000008000c14                HAL_SYSTICK_CLKSourceConfig
 .text.HAL_SYSTICK_Callback
                0x0000000008000c2c        0x4 build/stm32f4xx_hal_cortex.o
                0x0000000008000c2c                HAL_SYSTICK_Callback
 .text.HAL_SYSTICK_IRQHandler
                0x0000000008000c30        0x8 build/stm32f4xx_hal_cortex.o
                0x0000000008000c30                HAL_SYSTICK_IRQHandler
 .text.PreMainInner
                0x0000000008000c38        0x8 build/main.o
                0x0000000008000c38                PreMainInner
 .text.PreMain  0x0000000008000c40       0x1c build/main.o
                0x0000000008000c40                PreMain
 .text.NimMain  0x0000000008000c5c       0x1c build/main.o
                0x0000000008000c5c                NimMain
 .text.main     0x0000000008000c78        0xc build/main.o
                0x0000000008000c78                main
 .text.NimMainModule
                0x0000000008000c84       0x18 build/main.o
                0x0000000008000c84                NimMainModule
 .text.NimMainInner
                0x0000000008000c9c        0x8 build/main.o
                0x0000000008000c9c                NimMainInner
 .text.MX_GPIO_Init
                0x0000000008000ca4       0xb8 build/main_.o
 .text.LED1_tick
                0x0000000008000d5c       0x18 build/main_.o
                0x0000000008000d5c                LED1_tick
 .text._Error_Handler
                0x0000000008000d74        0x4 build/main_.o
                0x0000000008000d74                _Error_Handler
 .text.SystemClock_Config
                0x0000000008000d78       0xc4 build/main_.o
                0x0000000008000d78                SystemClock_Config
 .text.main_init
                0x0000000008000e3c       0x10 build/main_.o
                0x0000000008000e3c                main_init
 .text.Reset_Handler
                0x0000000008000e4c       0x58 build/startup_stm32f401xe.o
                0x0000000008000e4c                Reset_Handler
 .text.Default_Handler
                0x0000000008000ea4        0x4 build/startup_stm32f401xe.o
                0x0000000008000ea4                DMA1_Stream3_IRQHandler
                0x0000000008000ea4                EXTI2_IRQHandler
                0x0000000008000ea4                DebugMon_Handler
                0x0000000008000ea4                SPI4_IRQHandler
                0x0000000008000ea4                TIM1_CC_IRQHandler
                0x0000000008000ea4                DMA2_Stream5_IRQHandler
                0x0000000008000ea4                HardFault_Handler
                0x0000000008000ea4                DMA1_Stream5_IRQHandler
                0x0000000008000ea4                PVD_IRQHandler
                0x0000000008000ea4                SDIO_IRQHandler
                0x0000000008000ea4                TAMP_STAMP_IRQHandler
                0x0000000008000ea4                PendSV_Handler
                0x0000000008000ea4                NMI_Handler
                0x0000000008000ea4                EXTI3_IRQHandler
                0x0000000008000ea4                TIM1_UP_TIM10_IRQHandler
                0x0000000008000ea4                I2C3_ER_IRQHandler
                0x0000000008000ea4                EXTI0_IRQHandler
                0x0000000008000ea4                I2C2_EV_IRQHandler
                0x0000000008000ea4                DMA1_Stream2_IRQHandler
                0x0000000008000ea4                FPU_IRQHandler
                0x0000000008000ea4                UsageFault_Handler
                0x0000000008000ea4                DMA2_Stream2_IRQHandler
                0x0000000008000ea4                SPI1_IRQHandler
                0x0000000008000ea4                TIM1_BRK_TIM9_IRQHandler
                0x0000000008000ea4                DMA2_Stream3_IRQHandler
                0x0000000008000ea4                USART6_IRQHandler
                0x0000000008000ea4                DMA2_Stream0_IRQHandler
                0x0000000008000ea4                TIM4_IRQHandler
                0x0000000008000ea4                I2C1_EV_IRQHandler
                0x0000000008000ea4                DMA1_Stream6_IRQHandler
                0x0000000008000ea4                DMA1_Stream1_IRQHandler
                0x0000000008000ea4                TIM3_IRQHandler
                0x0000000008000ea4                RCC_IRQHandler
                0x0000000008000ea4                Default_Handler
                0x0000000008000ea4                EXTI15_10_IRQHandler
                0x0000000008000ea4                ADC_IRQHandler
                0x0000000008000ea4                DMA1_Stream7_IRQHandler
                0x0000000008000ea4                TIM5_IRQHandler
                0x0000000008000ea4                DMA2_Stream7_IRQHandler
                0x0000000008000ea4                I2C3_EV_IRQHandler
                0x0000000008000ea4                EXTI9_5_IRQHandler
                0x0000000008000ea4                RTC_WKUP_IRQHandler
                0x0000000008000ea4                SPI2_IRQHandler
                0x0000000008000ea4                MemManage_Handler
                0x0000000008000ea4                DMA1_Stream0_IRQHandler
                0x0000000008000ea4                SVC_Handler
                0x0000000008000ea4                EXTI4_IRQHandler
                0x0000000008000ea4                WWDG_IRQHandler
                0x0000000008000ea4                TIM2_IRQHandler
                0x0000000008000ea4                OTG_FS_WKUP_IRQHandler
                0x0000000008000ea4                TIM1_TRG_COM_TIM11_IRQHandler
                0x0000000008000ea4                EXTI1_IRQHandler
                0x0000000008000ea4                USART2_IRQHandler
                0x0000000008000ea4                I2C2_ER_IRQHandler
                0x0000000008000ea4                DMA2_Stream1_IRQHandler
                0x0000000008000ea4                FLASH_IRQHandler
                0x0000000008000ea4                DMA2_Stream4_IRQHandler
                0x0000000008000ea4                BusFault_Handler
                0x0000000008000ea4                USART1_IRQHandler
                0x0000000008000ea4                OTG_FS_IRQHandler
                0x0000000008000ea4                SPI3_IRQHandler
                0x0000000008000ea4                DMA1_Stream4_IRQHandler
                0x0000000008000ea4                I2C1_ER_IRQHandler
                0x0000000008000ea4                DMA2_Stream6_IRQHandler
                0x0000000008000ea4                RTC_Alarm_IRQHandler
 .text.__libc_init_array
                0x0000000008000ea8       0x4c /Users/tattaka/gcc-arm-none-eabi-4_8-2013q4/bin/../lib/gcc/arm-none-eabi/4.8.3/../../../../arm-none-eabi/lib/armv7e-m/fpu/libc_s.a(lib_a-init.o)
                0x0000000008000ea8                __libc_init_array
 *(.glue_7)
 .glue_7        0x0000000000000000        0x0 linker stubs
 *(.glue_7t)
 .glue_7t       0x0000000000000000        0x0 linker stubs
 *(.eh_frame)
 .eh_frame      0x0000000008000ef4        0x0 /Users/tattaka/gcc-arm-none-eabi-4_8-2013q4/bin/../lib/gcc/arm-none-eabi/4.8.3/armv7e-m/fpu/crtbegin.o
 *(.init)
 .init          0x0000000008000ef4        0x4 /Users/tattaka/gcc-arm-none-eabi-4_8-2013q4/bin/../lib/gcc/arm-none-eabi/4.8.3/armv7e-m/fpu/crti.o
                0x0000000008000ef4                _init
 .init          0x0000000008000ef8        0x8 /Users/tattaka/gcc-arm-none-eabi-4_8-2013q4/bin/../lib/gcc/arm-none-eabi/4.8.3/armv7e-m/fpu/crtn.o
 *(.fini)
 .fini          0x0000000008000f00        0x4 /Users/tattaka/gcc-arm-none-eabi-4_8-2013q4/bin/../lib/gcc/arm-none-eabi/4.8.3/armv7e-m/fpu/crti.o
                0x0000000008000f00                _fini
 .fini          0x0000000008000f04        0x8 /Users/tattaka/gcc-arm-none-eabi-4_8-2013q4/bin/../lib/gcc/arm-none-eabi/4.8.3/armv7e-m/fpu/crtn.o
                0x0000000008000f0c                . = ALIGN (0x4)
                0x0000000008000f0c                _etext = .

.vfp11_veneer   0x0000000008000f0c        0x0
 .vfp11_veneer  0x0000000000000000        0x0 linker stubs

.v4_bx          0x0000000008000f0c        0x0
 .v4_bx         0x0000000000000000        0x0 linker stubs

.iplt           0x0000000008000f0c        0x0
 .iplt          0x0000000000000000        0x0 /Users/tattaka/gcc-arm-none-eabi-4_8-2013q4/bin/../lib/gcc/arm-none-eabi/4.8.3/armv7e-m/fpu/crtbegin.o

.rodata         0x0000000008000f0c       0x1c
                0x0000000008000f0c                . = ALIGN (0x4)
 *(.rodata)
 *(.rodata*)
 .rodata.AHBPrescTable
                0x0000000008000f0c       0x10 build/system_stm32f4xx.o
                0x0000000008000f0c                AHBPrescTable
 .rodata.str1.4
                0x0000000008000f1c        0xc build/main_.o
                0x0000000008000f28                . = ALIGN (0x4)

.rel.dyn        0x0000000008000f28        0x0
 .rel.iplt      0x0000000000000000        0x0 /Users/tattaka/gcc-arm-none-eabi-4_8-2013q4/bin/../lib/gcc/arm-none-eabi/4.8.3/armv7e-m/fpu/crtbegin.o

.ARM.extab
 *(.ARM.extab* .gnu.linkonce.armextab.*)

.ARM            0x0000000008000f28        0x0
                0x0000000008000f28                __exidx_start = .
 *(.ARM.exidx*)
                0x0000000008000f28                __exidx_end = .

.preinit_array  0x0000000008000f28        0x0
                0x0000000008000f28                PROVIDE (__preinit_array_start, .)
 *(.preinit_array*)
                0x0000000008000f28                PROVIDE (__preinit_array_end, .)

.init_array     0x0000000008000f28        0x4
                0x0000000008000f28                PROVIDE (__init_array_start, .)
 *(SORT(.init_array.*))
 *(.init_array*)
 .init_array    0x0000000008000f28        0x4 /Users/tattaka/gcc-arm-none-eabi-4_8-2013q4/bin/../lib/gcc/arm-none-eabi/4.8.3/armv7e-m/fpu/crtbegin.o
                0x0000000008000f2c                PROVIDE (__init_array_end, .)

.fini_array     0x0000000008000f2c        0x4
                0x0000000008000f2c                PROVIDE (__fini_array_start, .)
 *(SORT(.fini_array.*))
 *(.fini_array*)
 .fini_array    0x0000000008000f2c        0x4 /Users/tattaka/gcc-arm-none-eabi-4_8-2013q4/bin/../lib/gcc/arm-none-eabi/4.8.3/armv7e-m/fpu/crtbegin.o
                0x0000000008000f30                PROVIDE (__fini_array_end, .)
                0x0000000008000f30                _sidata = LOADADDR (.data)

.data           0x0000000020000000        0x4 load address 0x0000000008000f30
                0x0000000020000000                . = ALIGN (0x4)
                0x0000000020000000                _sdata = .
 *(.data)
 *(.data*)
 .data.SystemCoreClock
                0x0000000020000000        0x4 build/system_stm32f4xx.o
                0x0000000020000000                SystemCoreClock
                0x0000000020000004                . = ALIGN (0x4)
                0x0000000020000004                _edata = .

.jcr            0x0000000020000004        0x0 load address 0x0000000008000f34
 .jcr           0x0000000020000004        0x0 /Users/tattaka/gcc-arm-none-eabi-4_8-2013q4/bin/../lib/gcc/arm-none-eabi/4.8.3/armv7e-m/fpu/crtbegin.o

.igot.plt       0x0000000020000004        0x0 load address 0x0000000008000f34
 .igot.plt      0x0000000000000000        0x0 /Users/tattaka/gcc-arm-none-eabi-4_8-2013q4/bin/../lib/gcc/arm-none-eabi/4.8.3/armv7e-m/fpu/crtbegin.o
                0x0000000020000004                . = ALIGN (0x4)

.bss            0x0000000020000004       0x34 load address 0x0000000008000f34
                0x0000000020000004                _sbss = .
                0x0000000020000004                __bss_start__ = _sbss
 *(.bss)
 .bss           0x0000000020000004       0x1c /Users/tattaka/gcc-arm-none-eabi-4_8-2013q4/bin/../lib/gcc/arm-none-eabi/4.8.3/armv7e-m/fpu/crtbegin.o
 *(.bss*)
 *(COMMON)
 COMMON         0x0000000020000020       0x14 build/stdlib_system.o
                0x0000000020000020                outOfMemHook_kZNaA7u1MfSW5ZeoGvw8xg
                0x0000000020000024                globalRaiseHook_JbO1ti4ULxrw54m4zNPbpA
                0x0000000020000028                localRaiseHook_EIvMhANBvB9cp2Ezvt29cADg
                0x000000002000002c                nimvm_IAxmsqnME4Jmed24hOgrFQ
                0x0000000020000030                nim_program_result
 COMMON         0x0000000020000034        0x4 build/stm32f4xx_hal.o
                0x0000000020000034                uwTick
                0x0000000020000038                . = ALIGN (0x4)
                0x0000000020000038                _ebss = .
                0x0000000020000038                __bss_end__ = _ebss

._user_heap_stack
                0x0000000020000038      0x600 load address 0x0000000008000f34
                0x0000000020000038                . = ALIGN (0x8)
                0x0000000020000038                PROVIDE (end, .)
                0x0000000020000038                PROVIDE (_end, .)
                0x0000000020000238                . = (. + _Min_Heap_Size)
 *fill*         0x0000000020000038      0x200 
                0x0000000020000638                . = (. + _Min_Stack_Size)
 *fill*         0x0000000020000238      0x400 
                0x0000000020000638                . = ALIGN (0x8)

/DISCARD/
 libc.a(*)
 libm.a(*)
 libgcc.a(*)

.ARM.attributes
                0x0000000000000000       0x30
 *(.ARM.attributes)
 .ARM.attributes
                0x0000000000000000       0x22 /Users/tattaka/gcc-arm-none-eabi-4_8-2013q4/bin/../lib/gcc/arm-none-eabi/4.8.3/armv7e-m/fpu/crti.o
 .ARM.attributes
                0x0000000000000022       0x34 /Users/tattaka/gcc-arm-none-eabi-4_8-2013q4/bin/../lib/gcc/arm-none-eabi/4.8.3/armv7e-m/fpu/crtbegin.o
 .ARM.attributes
                0x0000000000000056       0x39 build/stm32f4xx_hal_msp.o
 .ARM.attributes
                0x000000000000008f       0x39 build/system_stm32f4xx.o
 .ARM.attributes
                0x00000000000000c8       0x39 build/stdlib_system.o
 .ARM.attributes
                0x0000000000000101       0x39 build/stm32f4xx_hal_gpio.o
 .ARM.attributes
                0x000000000000013a       0x39 build/stm32f4xx_it.o
 .ARM.attributes
                0x0000000000000173       0x39 build/stm32f4xx_hal.o
 .ARM.attributes
                0x00000000000001ac       0x39 build/stm32f4xx_hal_rcc.o
 .ARM.attributes
                0x00000000000001e5       0x39 build/stm32f4xx_hal_cortex.o
 .ARM.attributes
                0x000000000000021e       0x39 build/main.o
 .ARM.attributes
                0x0000000000000257       0x39 build/main_.o
 .ARM.attributes
                0x0000000000000290       0x21 build/startup_stm32f401xe.o
 .ARM.attributes
                0x00000000000002b1       0x34 /Users/tattaka/gcc-arm-none-eabi-4_8-2013q4/bin/../lib/gcc/arm-none-eabi/4.8.3/../../../../arm-none-eabi/lib/armv7e-m/fpu/libc_s.a(lib_a-init.o)
 .ARM.attributes
                0x00000000000002e5       0x22 /Users/tattaka/gcc-arm-none-eabi-4_8-2013q4/bin/../lib/gcc/arm-none-eabi/4.8.3/armv7e-m/fpu/crtn.o
OUTPUT(build/nim_Ltick.elf elf32-littlearm)

.debug_info     0x0000000000000000     0x4996
 .debug_info    0x0000000000000000      0x370 build/stm32f4xx_hal_msp.o
 .debug_info    0x0000000000000370      0x554 build/system_stm32f4xx.o
 .debug_info    0x00000000000008c4      0x403 build/stdlib_system.o
 .debug_info    0x0000000000000cc7      0x79e build/stm32f4xx_hal_gpio.o
 .debug_info    0x0000000000001465       0xde build/stm32f4xx_it.o
 .debug_info    0x0000000000001543      0x98c build/stm32f4xx_hal.o
 .debug_info    0x0000000000001ecf      0xdc0 build/stm32f4xx_hal_rcc.o
 .debug_info    0x0000000000002c8f      0xf1b build/stm32f4xx_hal_cortex.o
 .debug_info    0x0000000000003baa      0x273 build/main.o
 .debug_info    0x0000000000003e1d      0xb1e build/main_.o
 .debug_info    0x000000000000493b       0x5b build/startup_stm32f401xe.o

.debug_abbrev   0x0000000000000000     0x1171
 .debug_abbrev  0x0000000000000000       0xd0 build/stm32f4xx_hal_msp.o
 .debug_abbrev  0x00000000000000d0      0x103 build/system_stm32f4xx.o
 .debug_abbrev  0x00000000000001d3       0xeb build/stdlib_system.o
 .debug_abbrev  0x00000000000002be      0x1fe build/stm32f4xx_hal_gpio.o
 .debug_abbrev  0x00000000000004bc       0x98 build/stm32f4xx_it.o
 .debug_abbrev  0x0000000000000554      0x2c6 build/stm32f4xx_hal.o
 .debug_abbrev  0x000000000000081a      0x32f build/stm32f4xx_hal_rcc.o
 .debug_abbrev  0x0000000000000b49      0x2e4 build/stm32f4xx_hal_cortex.o
 .debug_abbrev  0x0000000000000e2d      0x141 build/main.o
 .debug_abbrev  0x0000000000000f6e      0x1f1 build/main_.o
 .debug_abbrev  0x000000000000115f       0x12 build/startup_stm32f401xe.o

.debug_loc      0x0000000000000000     0x1461
 .debug_loc     0x0000000000000000       0x20 build/stm32f4xx_hal_msp.o
 .debug_loc     0x0000000000000020      0x103 build/system_stm32f4xx.o
 .debug_loc     0x0000000000000123      0x3be build/stm32f4xx_hal_gpio.o
 .debug_loc     0x00000000000004e1       0x20 build/stm32f4xx_it.o
 .debug_loc     0x0000000000000501      0x11b build/stm32f4xx_hal.o
 .debug_loc     0x000000000000061c      0x7bc build/stm32f4xx_hal_rcc.o
 .debug_loc     0x0000000000000dd8      0x518 build/stm32f4xx_hal_cortex.o
 .debug_loc     0x00000000000012f0       0xd8 build/main.o
 .debug_loc     0x00000000000013c8       0x99 build/main_.o

.debug_aranges  0x0000000000000000      0x398
 .debug_aranges
                0x0000000000000000       0x20 build/stm32f4xx_hal_msp.o
 .debug_aranges
                0x0000000000000020       0x28 build/system_stm32f4xx.o
 .debug_aranges
                0x0000000000000048       0x28 build/stdlib_system.o
 .debug_aranges
                0x0000000000000070       0x58 build/stm32f4xx_hal_gpio.o
 .debug_aranges
                0x00000000000000c8       0x20 build/stm32f4xx_it.o
 .debug_aranges
                0x00000000000000e8       0xc8 build/stm32f4xx_hal.o
 .debug_aranges
                0x00000000000001b0       0x88 build/stm32f4xx_hal_rcc.o
 .debug_aranges
                0x0000000000000238       0xa8 build/stm32f4xx_hal_cortex.o
 .debug_aranges
                0x00000000000002e0       0x50 build/main.o
 .debug_aranges
                0x0000000000000330       0x40 build/main_.o
 .debug_aranges
                0x0000000000000370       0x28 build/startup_stm32f401xe.o

.debug_ranges   0x0000000000000000      0x308
 .debug_ranges  0x0000000000000000       0x10 build/stm32f4xx_hal_msp.o
 .debug_ranges  0x0000000000000010       0x18 build/system_stm32f4xx.o
 .debug_ranges  0x0000000000000028       0x18 build/stdlib_system.o
 .debug_ranges  0x0000000000000040       0x60 build/stm32f4xx_hal_gpio.o
 .debug_ranges  0x00000000000000a0       0x10 build/stm32f4xx_it.o
 .debug_ranges  0x00000000000000b0       0xb8 build/stm32f4xx_hal.o
 .debug_ranges  0x0000000000000168       0x78 build/stm32f4xx_hal_rcc.o
 .debug_ranges  0x00000000000001e0       0x98 build/stm32f4xx_hal_cortex.o
 .debug_ranges  0x0000000000000278       0x40 build/main.o
 .debug_ranges  0x00000000000002b8       0x30 build/main_.o
 .debug_ranges  0x00000000000002e8       0x20 build/startup_stm32f401xe.o

.debug_line     0x0000000000000000     0x1693
 .debug_line    0x0000000000000000      0x137 build/stm32f4xx_hal_msp.o
 .debug_line    0x0000000000000137      0x11f build/system_stm32f4xx.o
 .debug_line    0x0000000000000256       0x6b build/stdlib_system.o
 .debug_line    0x00000000000002c1      0x30a build/stm32f4xx_hal_gpio.o
 .debug_line    0x00000000000005cb      0x104 build/stm32f4xx_it.o
 .debug_line    0x00000000000006cf      0x32c build/stm32f4xx_hal.o
 .debug_line    0x00000000000009fb      0x555 build/stm32f4xx_hal_rcc.o
 .debug_line    0x0000000000000f50      0x35d build/stm32f4xx_hal_cortex.o
 .debug_line    0x00000000000012ad      0x169 build/main.o
 .debug_line    0x0000000000001416      0x209 build/main_.o
 .debug_line    0x000000000000161f       0x74 build/startup_stm32f401xe.o

.debug_str      0x0000000000000000     0x1585
 .debug_str     0x0000000000000000      0x535 build/stm32f4xx_hal_msp.o
                                        0x576 (size before relaxing)
 .debug_str     0x0000000000000535      0x1e4 build/system_stm32f4xx.o
                                        0x373 (size before relaxing)
 .debug_str     0x0000000000000719      0x2bb build/stdlib_system.o
                                        0x40c (size before relaxing)
 .debug_str     0x00000000000009d4      0x211 build/stm32f4xx_hal_gpio.o
                                        0x4d8 (size before relaxing)
 .debug_str     0x0000000000000be5       0x46 build/stm32f4xx_it.o
                                        0x1c7 (size before relaxing)
 .debug_str     0x0000000000000c2b      0x26c build/stm32f4xx_hal.o
                                        0x944 (size before relaxing)
 .debug_str     0x0000000000000e97      0x2b1 build/stm32f4xx_hal_rcc.o
                                        0x6be (size before relaxing)
 .debug_str     0x0000000000001148      0x363 build/stm32f4xx_hal_cortex.o
                                        0xa99 (size before relaxing)
 .debug_str     0x00000000000014ab       0x95 build/main.o
                                        0x255 (size before relaxing)
 .debug_str     0x0000000000001540       0x45 build/main_.o
                                        0x94c (size before relaxing)

.comment        0x0000000000000000       0x70
 .comment       0x0000000000000000       0x70 build/stm32f4xx_hal_msp.o
                                         0x71 (size before relaxing)
 .comment       0x0000000000000000       0x71 build/system_stm32f4xx.o
 .comment       0x0000000000000000       0x71 build/stdlib_system.o
 .comment       0x0000000000000000       0x71 build/stm32f4xx_hal_gpio.o
 .comment       0x0000000000000000       0x71 build/stm32f4xx_it.o
 .comment       0x0000000000000000       0x71 build/stm32f4xx_hal.o
 .comment       0x0000000000000000       0x71 build/stm32f4xx_hal_rcc.o
 .comment       0x0000000000000000       0x71 build/stm32f4xx_hal_cortex.o
 .comment       0x0000000000000000       0x71 build/main.o
 .comment       0x0000000000000000       0x71 build/main_.o

.debug_frame    0x0000000000000000      0x76c
 .debug_frame   0x0000000000000000       0x2c build/stm32f4xx_hal_msp.o
 .debug_frame   0x000000000000002c       0x30 build/system_stm32f4xx.o
 .debug_frame   0x000000000000005c       0x30 build/stdlib_system.o
 .debug_frame   0x000000000000008c       0xdc build/stm32f4xx_hal_gpio.o
 .debug_frame   0x0000000000000168       0x2c build/stm32f4xx_it.o
 .debug_frame   0x0000000000000194      0x1a4 build/stm32f4xx_hal.o
 .debug_frame   0x0000000000000338      0x158 build/stm32f4xx_hal_rcc.o
 .debug_frame   0x0000000000000490      0x154 build/stm32f4xx_hal_cortex.o
 .debug_frame   0x00000000000005e4       0xc8 build/main.o
 .debug_frame   0x00000000000006ac       0x94 build/main_.o
 .debug_frame   0x0000000000000740       0x2c /Users/tattaka/gcc-arm-none-eabi-4_8-2013q4/bin/../lib/gcc/arm-none-eabi/4.8.3/../../../../arm-none-eabi/lib/armv7e-m/fpu/libc_s.a(lib_a-init.o)

Cross Reference Table

Symbol                                            File
ADC_IRQHandler                                    build/startup_stm32f401xe.o
AHBPrescTable                                     build/system_stm32f4xx.o
                                                  build/stm32f4xx_hal_rcc.o
APBPrescTable                                     build/system_stm32f4xx.o
                                                  build/stm32f4xx_hal_rcc.o
BusFault_Handler                                  build/startup_stm32f401xe.o
DMA1_Stream0_IRQHandler                           build/startup_stm32f401xe.o
DMA1_Stream1_IRQHandler                           build/startup_stm32f401xe.o
DMA1_Stream2_IRQHandler                           build/startup_stm32f401xe.o
DMA1_Stream3_IRQHandler                           build/startup_stm32f401xe.o
DMA1_Stream4_IRQHandler                           build/startup_stm32f401xe.o
DMA1_Stream5_IRQHandler                           build/startup_stm32f401xe.o
DMA1_Stream6_IRQHandler                           build/startup_stm32f401xe.o
DMA1_Stream7_IRQHandler                           build/startup_stm32f401xe.o
DMA2_Stream0_IRQHandler                           build/startup_stm32f401xe.o
DMA2_Stream1_IRQHandler                           build/startup_stm32f401xe.o
DMA2_Stream2_IRQHandler                           build/startup_stm32f401xe.o
DMA2_Stream3_IRQHandler                           build/startup_stm32f401xe.o
DMA2_Stream4_IRQHandler                           build/startup_stm32f401xe.o
DMA2_Stream5_IRQHandler                           build/startup_stm32f401xe.o
DMA2_Stream6_IRQHandler                           build/startup_stm32f401xe.o
DMA2_Stream7_IRQHandler                           build/startup_stm32f401xe.o
DebugMon_Handler                                  build/startup_stm32f401xe.o
Default_Handler                                   build/startup_stm32f401xe.o
EXTI0_IRQHandler                                  build/startup_stm32f401xe.o
EXTI15_10_IRQHandler                              build/startup_stm32f401xe.o
EXTI1_IRQHandler                                  build/startup_stm32f401xe.o
EXTI2_IRQHandler                                  build/startup_stm32f401xe.o
EXTI3_IRQHandler                                  build/startup_stm32f401xe.o
EXTI4_IRQHandler                                  build/startup_stm32f401xe.o
EXTI9_5_IRQHandler                                build/startup_stm32f401xe.o
FLASH_Erase_Sector                                build/stm32f4xx_hal_flash_ex.o
                                                  build/stm32f4xx_hal_flash.o
FLASH_FlushCaches                                 build/stm32f4xx_hal_flash_ex.o
                                                  build/stm32f4xx_hal_flash.o
FLASH_IRQHandler                                  build/startup_stm32f401xe.o
FLASH_WaitForLastOperation                        build/stm32f4xx_hal_flash.o
                                                  build/stm32f4xx_hal_flash_ex.o
FPU_IRQHandler                                    build/startup_stm32f401xe.o
HAL_DBGMCU_DisableDBGSleepMode                    build/stm32f4xx_hal.o
HAL_DBGMCU_DisableDBGStandbyMode                  build/stm32f4xx_hal.o
HAL_DBGMCU_DisableDBGStopMode                     build/stm32f4xx_hal.o
HAL_DBGMCU_EnableDBGSleepMode                     build/stm32f4xx_hal.o
HAL_DBGMCU_EnableDBGStandbyMode                   build/stm32f4xx_hal.o
HAL_DBGMCU_EnableDBGStopMode                      build/stm32f4xx_hal.o
HAL_DMAEx_ChangeMemory                            build/stm32f4xx_hal_dma_ex.o
HAL_DMAEx_MultiBufferStart                        build/stm32f4xx_hal_dma_ex.o
HAL_DMAEx_MultiBufferStart_IT                     build/stm32f4xx_hal_dma_ex.o
HAL_DMA_Abort                                     build/stm32f4xx_hal_dma.o
HAL_DMA_Abort_IT                                  build/stm32f4xx_hal_dma.o
HAL_DMA_DeInit                                    build/stm32f4xx_hal_dma.o
HAL_DMA_GetError                                  build/stm32f4xx_hal_dma.o
HAL_DMA_GetState                                  build/stm32f4xx_hal_dma.o
HAL_DMA_IRQHandler                                build/stm32f4xx_hal_dma.o
HAL_DMA_Init                                      build/stm32f4xx_hal_dma.o
HAL_DMA_PollForTransfer                           build/stm32f4xx_hal_dma.o
HAL_DMA_RegisterCallback                          build/stm32f4xx_hal_dma.o
HAL_DMA_Start                                     build/stm32f4xx_hal_dma.o
HAL_DMA_Start_IT                                  build/stm32f4xx_hal_dma.o
HAL_DMA_UnRegisterCallback                        build/stm32f4xx_hal_dma.o
HAL_DeInit                                        build/stm32f4xx_hal.o
HAL_Delay                                         build/stm32f4xx_hal.o
                                                  build/main_.o
                                                  build/main.o
HAL_DisableCompensationCell                       build/stm32f4xx_hal.o
HAL_EnableCompensationCell                        build/stm32f4xx_hal.o
HAL_FLASHEx_AdvOBGetConfig                        build/stm32f4xx_hal_flash_ex.o
HAL_FLASHEx_AdvOBProgram                          build/stm32f4xx_hal_flash_ex.o
HAL_FLASHEx_Erase                                 build/stm32f4xx_hal_flash_ex.o
HAL_FLASHEx_Erase_IT                              build/stm32f4xx_hal_flash_ex.o
HAL_FLASHEx_OBGetConfig                           build/stm32f4xx_hal_flash_ex.o
HAL_FLASHEx_OBProgram                             build/stm32f4xx_hal_flash_ex.o
HAL_FLASHEx_OB_DeSelectPCROP                      build/stm32f4xx_hal_flash_ex.o
HAL_FLASHEx_OB_SelectPCROP                        build/stm32f4xx_hal_flash_ex.o
HAL_FLASH_EndOfOperationCallback                  build/stm32f4xx_hal_flash.o
HAL_FLASH_GetError                                build/stm32f4xx_hal_flash.o
HAL_FLASH_IRQHandler                              build/stm32f4xx_hal_flash.o
HAL_FLASH_Lock                                    build/stm32f4xx_hal_flash.o
HAL_FLASH_OB_Launch                               build/stm32f4xx_hal_flash.o
HAL_FLASH_OB_Lock                                 build/stm32f4xx_hal_flash.o
HAL_FLASH_OB_Unlock                               build/stm32f4xx_hal_flash.o
HAL_FLASH_OperationErrorCallback                  build/stm32f4xx_hal_flash.o
HAL_FLASH_Program                                 build/stm32f4xx_hal_flash.o
HAL_FLASH_Program_IT                              build/stm32f4xx_hal_flash.o
HAL_FLASH_Unlock                                  build/stm32f4xx_hal_flash.o
HAL_GPIO_DeInit                                   build/stm32f4xx_hal_gpio.o
HAL_GPIO_EXTI_Callback                            build/stm32f4xx_hal_gpio.o
HAL_GPIO_EXTI_IRQHandler                          build/stm32f4xx_hal_gpio.o
HAL_GPIO_Init                                     build/stm32f4xx_hal_gpio.o
                                                  build/main_.o
                                                  build/stm32f4xx_hal_rcc.o
HAL_GPIO_LockPin                                  build/stm32f4xx_hal_gpio.o
HAL_GPIO_ReadPin                                  build/stm32f4xx_hal_gpio.o
HAL_GPIO_TogglePin                                build/stm32f4xx_hal_gpio.o
                                                  build/main_.o
HAL_GPIO_WritePin                                 build/stm32f4xx_hal_gpio.o
                                                  build/main_.o
HAL_GetDEVID                                      build/stm32f4xx_hal.o
HAL_GetHalVersion                                 build/stm32f4xx_hal.o
HAL_GetREVID                                      build/stm32f4xx_hal.o
HAL_GetTick                                       build/stm32f4xx_hal.o
                                                  build/stm32f4xx_hal_flash.o
                                                  build/stm32f4xx_hal_rcc.o
                                                  build/stm32f4xx_hal_rcc_ex.o
                                                  build/stm32f4xx_hal_pwr_ex.o
                                                  build/stm32f4xx_hal_dma.o
HAL_GetUID                                        build/stm32f4xx_hal.o
HAL_IncTick                                       build/stm32f4xx_hal.o
                                                  build/stm32f4xx_it.o
HAL_Init                                          build/stm32f4xx_hal.o
                                                  build/main_.o
HAL_InitTick                                      build/stm32f4xx_hal.o
                                                  build/stm32f4xx_hal_rcc.o
HAL_MPU_ConfigRegion                              build/stm32f4xx_hal_cortex.o
HAL_MPU_Disable                                   build/stm32f4xx_hal_cortex.o
HAL_MPU_Enable                                    build/stm32f4xx_hal_cortex.o
HAL_MspDeInit                                     build/stm32f4xx_hal.o
HAL_MspInit                                       build/stm32f4xx_hal_msp.o
HAL_NVIC_ClearPendingIRQ                          build/stm32f4xx_hal_cortex.o
HAL_NVIC_DisableIRQ                               build/stm32f4xx_hal_cortex.o
HAL_NVIC_EnableIRQ                                build/stm32f4xx_hal_cortex.o
HAL_NVIC_GetActive                                build/stm32f4xx_hal_cortex.o
HAL_NVIC_GetPendingIRQ                            build/stm32f4xx_hal_cortex.o
HAL_NVIC_GetPriority                              build/stm32f4xx_hal_cortex.o
HAL_NVIC_GetPriorityGrouping                      build/stm32f4xx_hal_cortex.o
HAL_NVIC_SetPendingIRQ                            build/stm32f4xx_hal_cortex.o
HAL_NVIC_SetPriority                              build/stm32f4xx_hal_cortex.o
                                                  build/main_.o
                                                  build/stm32f4xx_hal.o
                                                  build/stm32f4xx_hal_msp.o
HAL_NVIC_SetPriorityGrouping                      build/stm32f4xx_hal_cortex.o
                                                  build/stm32f4xx_hal.o
                                                  build/stm32f4xx_hal_msp.o
HAL_NVIC_SystemReset                              build/stm32f4xx_hal_cortex.o
HAL_PWREx_ControlVoltageScaling                   build/stm32f4xx_hal_pwr_ex.o
HAL_PWREx_DisableBkUpReg                          build/stm32f4xx_hal_pwr_ex.o
HAL_PWREx_DisableFlashPowerDown                   build/stm32f4xx_hal_pwr_ex.o
HAL_PWREx_DisableLowRegulatorLowVoltage           build/stm32f4xx_hal_pwr_ex.o
HAL_PWREx_DisableMainRegulatorLowVoltage          build/stm32f4xx_hal_pwr_ex.o
HAL_PWREx_EnableBkUpReg                           build/stm32f4xx_hal_pwr_ex.o
HAL_PWREx_EnableFlashPowerDown                    build/stm32f4xx_hal_pwr_ex.o
HAL_PWREx_EnableLowRegulatorLowVoltage            build/stm32f4xx_hal_pwr_ex.o
HAL_PWREx_EnableMainRegulatorLowVoltage           build/stm32f4xx_hal_pwr_ex.o
HAL_PWREx_GetVoltageRange                         build/stm32f4xx_hal_pwr_ex.o
HAL_PWR_ConfigPVD                                 build/stm32f4xx_hal_pwr.o
HAL_PWR_DeInit                                    build/stm32f4xx_hal_pwr.o
HAL_PWR_DisableBkUpAccess                         build/stm32f4xx_hal_pwr.o
HAL_PWR_DisablePVD                                build/stm32f4xx_hal_pwr.o
HAL_PWR_DisableSEVOnPend                          build/stm32f4xx_hal_pwr.o
HAL_PWR_DisableSleepOnExit                        build/stm32f4xx_hal_pwr.o
HAL_PWR_DisableWakeUpPin                          build/stm32f4xx_hal_pwr.o
HAL_PWR_EnableBkUpAccess                          build/stm32f4xx_hal_pwr.o
HAL_PWR_EnablePVD                                 build/stm32f4xx_hal_pwr.o
HAL_PWR_EnableSEVOnPend                           build/stm32f4xx_hal_pwr.o
HAL_PWR_EnableSleepOnExit                         build/stm32f4xx_hal_pwr.o
HAL_PWR_EnableWakeUpPin                           build/stm32f4xx_hal_pwr.o
HAL_PWR_EnterSLEEPMode                            build/stm32f4xx_hal_pwr.o
HAL_PWR_EnterSTANDBYMode                          build/stm32f4xx_hal_pwr.o
HAL_PWR_EnterSTOPMode                             build/stm32f4xx_hal_pwr.o
HAL_PWR_PVDCallback                               build/stm32f4xx_hal_pwr.o
HAL_PWR_PVD_IRQHandler                            build/stm32f4xx_hal_pwr.o
HAL_RCCEx_GetPeriphCLKConfig                      build/stm32f4xx_hal_rcc_ex.o
HAL_RCCEx_GetPeriphCLKFreq                        build/stm32f4xx_hal_rcc_ex.o
HAL_RCCEx_PeriphCLKConfig                         build/stm32f4xx_hal_rcc_ex.o
HAL_RCC_CSSCallback                               build/stm32f4xx_hal_rcc.o
HAL_RCC_ClockConfig                               build/stm32f4xx_hal_rcc.o
                                                  build/main_.o
HAL_RCC_DeInit                                    build/stm32f4xx_hal_rcc_ex.o
HAL_RCC_DisableCSS                                build/stm32f4xx_hal_rcc.o
HAL_RCC_EnableCSS                                 build/stm32f4xx_hal_rcc.o
HAL_RCC_GetClockConfig                            build/stm32f4xx_hal_rcc.o
HAL_RCC_GetHCLKFreq                               build/stm32f4xx_hal_rcc.o
                                                  build/main_.o
HAL_RCC_GetOscConfig                              build/stm32f4xx_hal_rcc.o
HAL_RCC_GetPCLK1Freq                              build/stm32f4xx_hal_rcc.o
HAL_RCC_GetPCLK2Freq                              build/stm32f4xx_hal_rcc.o
HAL_RCC_GetSysClockFreq                           build/stm32f4xx_hal_rcc.o
HAL_RCC_MCOConfig                                 build/stm32f4xx_hal_rcc.o
HAL_RCC_NMI_IRQHandler                            build/stm32f4xx_hal_rcc.o
HAL_RCC_OscConfig                                 build/stm32f4xx_hal_rcc.o
                                                  build/main_.o
HAL_ResumeTick                                    build/stm32f4xx_hal.o
HAL_SYSTICK_CLKSourceConfig                       build/stm32f4xx_hal_cortex.o
                                                  build/main_.o
HAL_SYSTICK_Callback                              build/stm32f4xx_hal_cortex.o
HAL_SYSTICK_Config                                build/stm32f4xx_hal_cortex.o
                                                  build/main_.o
                                                  build/stm32f4xx_hal.o
HAL_SYSTICK_IRQHandler                            build/stm32f4xx_hal_cortex.o
                                                  build/stm32f4xx_it.o
HAL_SuspendTick                                   build/stm32f4xx_hal.o
HardFault_Handler                                 build/startup_stm32f401xe.o
I2C1_ER_IRQHandler                                build/startup_stm32f401xe.o
I2C1_EV_IRQHandler                                build/startup_stm32f401xe.o
I2C2_ER_IRQHandler                                build/startup_stm32f401xe.o
I2C2_EV_IRQHandler                                build/startup_stm32f401xe.o
I2C3_ER_IRQHandler                                build/startup_stm32f401xe.o
I2C3_EV_IRQHandler                                build/startup_stm32f401xe.o
LED1_tick                                         build/main_.o
                                                  build/main.o
MemManage_Handler                                 build/startup_stm32f401xe.o
NMI_Handler                                       build/startup_stm32f401xe.o
NimMain                                           build/main.o
NimMainInner                                      build/main.o
NimMainModule                                     build/main.o
OTG_FS_IRQHandler                                 build/startup_stm32f401xe.o
OTG_FS_WKUP_IRQHandler                            build/startup_stm32f401xe.o
PVD_IRQHandler                                    build/startup_stm32f401xe.o
PendSV_Handler                                    build/startup_stm32f401xe.o
PreMain                                           build/main.o
PreMainInner                                      build/main.o
RCC_IRQHandler                                    build/startup_stm32f401xe.o
RTC_Alarm_IRQHandler                              build/startup_stm32f401xe.o
RTC_WKUP_IRQHandler                               build/startup_stm32f401xe.o
Reset_Handler                                     build/startup_stm32f401xe.o
SDIO_IRQHandler                                   build/startup_stm32f401xe.o
SPI1_IRQHandler                                   build/startup_stm32f401xe.o
SPI2_IRQHandler                                   build/startup_stm32f401xe.o
SPI3_IRQHandler                                   build/startup_stm32f401xe.o
SPI4_IRQHandler                                   build/startup_stm32f401xe.o
SVC_Handler                                       build/startup_stm32f401xe.o
SysTick_Handler                                   build/stm32f4xx_it.o
SystemClock_Config                                build/main_.o
SystemCoreClock                                   build/system_stm32f4xx.o
                                                  build/stm32f4xx_hal_rcc.o
                                                  build/stm32f4xx_hal_rcc_ex.o
                                                  build/stm32f4xx_hal.o
                                                  build/stm32f4xx_hal_dma.o
SystemCoreClockUpdate                             build/system_stm32f4xx.o
SystemInit                                        build/system_stm32f4xx.o
                                                  build/startup_stm32f401xe.o
TAMP_STAMP_IRQHandler                             build/startup_stm32f401xe.o
TIM1_BRK_TIM9_IRQHandler                          build/startup_stm32f401xe.o
TIM1_CC_IRQHandler                                build/startup_stm32f401xe.o
TIM1_TRG_COM_TIM11_IRQHandler                     build/startup_stm32f401xe.o
TIM1_UP_TIM10_IRQHandler                          build/startup_stm32f401xe.o
TIM2_IRQHandler                                   build/startup_stm32f401xe.o
TIM3_IRQHandler                                   build/startup_stm32f401xe.o
TIM4_IRQHandler                                   build/startup_stm32f401xe.o
TIM5_IRQHandler                                   build/startup_stm32f401xe.o
USART1_IRQHandler                                 build/startup_stm32f401xe.o
USART2_IRQHandler                                 build/startup_stm32f401xe.o
USART6_IRQHandler                                 build/startup_stm32f401xe.o
UsageFault_Handler                                build/startup_stm32f401xe.o
WWDG_IRQHandler                                   build/startup_stm32f401xe.o
_Error_Handler                                    build/main_.o
_Jv_RegisterClasses                               /Users/tattaka/gcc-arm-none-eabi-4_8-2013q4/bin/../lib/gcc/arm-none-eabi/4.8.3/armv7e-m/fpu/crtbegin.o
__bss_end__                                       /Users/tattaka/gcc-arm-none-eabi-4_8-2013q4/bin/../lib/gcc/arm-none-eabi/4.8.3/../../../../arm-none-eabi/lib/armv7e-m/fpu/crt0.o
__bss_start__                                     /Users/tattaka/gcc-arm-none-eabi-4_8-2013q4/bin/../lib/gcc/arm-none-eabi/4.8.3/../../../../arm-none-eabi/lib/armv7e-m/fpu/crt0.o
__call_exitprocs                                  /Users/tattaka/gcc-arm-none-eabi-4_8-2013q4/bin/../lib/gcc/arm-none-eabi/4.8.3/../../../../arm-none-eabi/lib/armv7e-m/fpu/libc_s.a(lib_a-exit.o)
__deregister_frame_info                           /Users/tattaka/gcc-arm-none-eabi-4_8-2013q4/bin/../lib/gcc/arm-none-eabi/4.8.3/armv7e-m/fpu/crtbegin.o
__dso_handle                                      /Users/tattaka/gcc-arm-none-eabi-4_8-2013q4/bin/../lib/gcc/arm-none-eabi/4.8.3/armv7e-m/fpu/crtbegin.o
__init_array_end                                  /Users/tattaka/gcc-arm-none-eabi-4_8-2013q4/bin/../lib/gcc/arm-none-eabi/4.8.3/../../../../arm-none-eabi/lib/armv7e-m/fpu/libc_s.a(lib_a-init.o)
__init_array_start                                /Users/tattaka/gcc-arm-none-eabi-4_8-2013q4/bin/../lib/gcc/arm-none-eabi/4.8.3/../../../../arm-none-eabi/lib/armv7e-m/fpu/libc_s.a(lib_a-init.o)
__libc_fini_array                                 /Users/tattaka/gcc-arm-none-eabi-4_8-2013q4/bin/../lib/gcc/arm-none-eabi/4.8.3/../../../../arm-none-eabi/lib/armv7e-m/fpu/crt0.o
__libc_init_array                                 /Users/tattaka/gcc-arm-none-eabi-4_8-2013q4/bin/../lib/gcc/arm-none-eabi/4.8.3/../../../../arm-none-eabi/lib/armv7e-m/fpu/libc_s.a(lib_a-init.o)
                                                  build/startup_stm32f401xe.o
                                                  /Users/tattaka/gcc-arm-none-eabi-4_8-2013q4/bin/../lib/gcc/arm-none-eabi/4.8.3/../../../../arm-none-eabi/lib/armv7e-m/fpu/crt0.o
__preinit_array_end                               /Users/tattaka/gcc-arm-none-eabi-4_8-2013q4/bin/../lib/gcc/arm-none-eabi/4.8.3/../../../../arm-none-eabi/lib/armv7e-m/fpu/libc_s.a(lib_a-init.o)
__preinit_array_start                             /Users/tattaka/gcc-arm-none-eabi-4_8-2013q4/bin/../lib/gcc/arm-none-eabi/4.8.3/../../../../arm-none-eabi/lib/armv7e-m/fpu/libc_s.a(lib_a-init.o)
__register_frame_info                             /Users/tattaka/gcc-arm-none-eabi-4_8-2013q4/bin/../lib/gcc/arm-none-eabi/4.8.3/armv7e-m/fpu/crtbegin.o
__sf_fake_stderr                                  /Users/tattaka/gcc-arm-none-eabi-4_8-2013q4/bin/../lib/gcc/arm-none-eabi/4.8.3/../../../../arm-none-eabi/lib/armv7e-m/fpu/libc_s.a(lib_a-impure.o)
__sf_fake_stdin                                   /Users/tattaka/gcc-arm-none-eabi-4_8-2013q4/bin/../lib/gcc/arm-none-eabi/4.8.3/../../../../arm-none-eabi/lib/armv7e-m/fpu/libc_s.a(lib_a-impure.o)
__sf_fake_stdout                                  /Users/tattaka/gcc-arm-none-eabi-4_8-2013q4/bin/../lib/gcc/arm-none-eabi/4.8.3/../../../../arm-none-eabi/lib/armv7e-m/fpu/libc_s.a(lib_a-impure.o)
__stack                                           /Users/tattaka/gcc-arm-none-eabi-4_8-2013q4/bin/../lib/gcc/arm-none-eabi/4.8.3/../../../../arm-none-eabi/lib/armv7e-m/fpu/crt0.o
_ebss                                             build/startup_stm32f401xe.o
_edata                                            build/startup_stm32f401xe.o
_estack                                           build/startup_stm32f401xe.o
_exit                                             /Users/tattaka/gcc-arm-none-eabi-4_8-2013q4/bin/../lib/gcc/arm-none-eabi/4.8.3/../../../../arm-none-eabi/lib/armv7e-m/fpu/libnosys.a(_exit.o)
                                                  /Users/tattaka/gcc-arm-none-eabi-4_8-2013q4/bin/../lib/gcc/arm-none-eabi/4.8.3/../../../../arm-none-eabi/lib/armv7e-m/fpu/libc_s.a(lib_a-exit.o)
_fini                                             /Users/tattaka/gcc-arm-none-eabi-4_8-2013q4/bin/../lib/gcc/arm-none-eabi/4.8.3/armv7e-m/fpu/crti.o
_global_impure_ptr                                /Users/tattaka/gcc-arm-none-eabi-4_8-2013q4/bin/../lib/gcc/arm-none-eabi/4.8.3/../../../../arm-none-eabi/lib/armv7e-m/fpu/libc_s.a(lib_a-impure.o)
                                                  /Users/tattaka/gcc-arm-none-eabi-4_8-2013q4/bin/../lib/gcc/arm-none-eabi/4.8.3/../../../../arm-none-eabi/lib/armv7e-m/fpu/libc_s.a(lib_a-exit.o)
_impure_ptr                                       /Users/tattaka/gcc-arm-none-eabi-4_8-2013q4/bin/../lib/gcc/arm-none-eabi/4.8.3/../../../../arm-none-eabi/lib/armv7e-m/fpu/libc_s.a(lib_a-impure.o)
_init                                             /Users/tattaka/gcc-arm-none-eabi-4_8-2013q4/bin/../lib/gcc/arm-none-eabi/4.8.3/armv7e-m/fpu/crti.o
                                                  /Users/tattaka/gcc-arm-none-eabi-4_8-2013q4/bin/../lib/gcc/arm-none-eabi/4.8.3/../../../../arm-none-eabi/lib/armv7e-m/fpu/libc_s.a(lib_a-init.o)
_mainCRTStartup                                   /Users/tattaka/gcc-arm-none-eabi-4_8-2013q4/bin/../lib/gcc/arm-none-eabi/4.8.3/../../../../arm-none-eabi/lib/armv7e-m/fpu/crt0.o
_sbss                                             build/startup_stm32f401xe.o
_sdata                                            build/startup_stm32f401xe.o
_sidata                                           build/startup_stm32f401xe.o
_start                                            /Users/tattaka/gcc-arm-none-eabi-4_8-2013q4/bin/../lib/gcc/arm-none-eabi/4.8.3/../../../../arm-none-eabi/lib/armv7e-m/fpu/crt0.o
atexit                                            /Users/tattaka/gcc-arm-none-eabi-4_8-2013q4/bin/../lib/gcc/arm-none-eabi/4.8.3/../../../../arm-none-eabi/lib/armv7e-m/fpu/crt0.o
cmdCount                                          build/main.o
cmdLine                                           build/main.o
exit                                              /Users/tattaka/gcc-arm-none-eabi-4_8-2013q4/bin/../lib/gcc/arm-none-eabi/4.8.3/../../../../arm-none-eabi/lib/armv7e-m/fpu/libc_s.a(lib_a-exit.o)
                                                  /Users/tattaka/gcc-arm-none-eabi-4_8-2013q4/bin/../lib/gcc/arm-none-eabi/4.8.3/../../../../arm-none-eabi/lib/armv7e-m/fpu/crt0.o
gEnv                                              build/main.o
g_pfnVectors                                      build/startup_stm32f401xe.o
globalRaiseHook_JbO1ti4ULxrw54m4zNPbpA            build/stdlib_system.o
hardware_init_hook                                /Users/tattaka/gcc-arm-none-eabi-4_8-2013q4/bin/../lib/gcc/arm-none-eabi/4.8.3/../../../../arm-none-eabi/lib/armv7e-m/fpu/crt0.o
localRaiseHook_EIvMhANBvB9cp2Ezvt29cADg           build/stdlib_system.o
main                                              build/main.o
                                                  build/startup_stm32f401xe.o
                                                  /Users/tattaka/gcc-arm-none-eabi-4_8-2013q4/bin/../lib/gcc/arm-none-eabi/4.8.3/../../../../arm-none-eabi/lib/armv7e-m/fpu/crt0.o
mainDatInit000                                    build/main.o
main_init                                         build/main_.o
                                                  build/main.o
memset                                            /Users/tattaka/gcc-arm-none-eabi-4_8-2013q4/bin/../lib/gcc/arm-none-eabi/4.8.3/../../../../arm-none-eabi/lib/armv7e-m/fpu/libc_s.a(lib_a-memset.o)
                                                  /Users/tattaka/gcc-arm-none-eabi-4_8-2013q4/bin/../lib/gcc/arm-none-eabi/4.8.3/../../../../arm-none-eabi/lib/armv7e-m/fpu/crt0.o
nim_program_result                                build/stdlib_system.o
nimvm_IAxmsqnME4Jmed24hOgrFQ                      build/stdlib_system.o
outOfMemHook_kZNaA7u1MfSW5ZeoGvw8xg               build/stdlib_system.o
pFlash                                            build/stm32f4xx_hal_flash.o
                                                  build/stm32f4xx_hal_flash_ex.o
software_init_hook                                /Users/tattaka/gcc-arm-none-eabi-4_8-2013q4/bin/../lib/gcc/arm-none-eabi/4.8.3/../../../../arm-none-eabi/lib/armv7e-m/fpu/crt0.o
systemDatInit000                                  build/stdlib_system.o
                                                  build/main.o
systemInit000                                     build/stdlib_system.o
                                                  build/main.o
uwTick                                            build/stm32f4xx_hal.o
